api-gateway-1        | 2026-06-30T14:18:39.772128039Z {"timestamp":"2026-06-30T14:18:39.771864177Z","level":"WARN","msg":"udp downstream call failed","service.name":"api-gateway","service.version":"local","service.language":"go","observability.run_id":"local-unobserved","remote":"172.19.0.8","interaction_id":"gui-demo-20260630141728-invalid-accept-zero","code":"invalid_argument","duration_ms":6}
api-gateway-1        | 2026-06-30T14:18:41.399367733Z {"timestamp":"2026-06-30T14:18:41.399087693Z","level":"INFO","msg":"udp packet received","service.name":"api-gateway","service.version":"local","service.language":"go","observability.run_id":"local-unobserved","remote":"172.19.0.8","bytes":698}
migrate-1            | 2026-06-30T14:20:14.776781720Z psql:distributed-backend/src/trade-settlement/migrations/0001_settlement_schema.sql:534: NOTICE:  relation "wallet_primary_capsuleer_unique_idx" already exists, skipping
api-gateway-1        | 2026-06-30T14:18:41.403527559Z {"timestamp":"2026-06-30T14:18:41.403249594Z","level":"WARN","msg":"udp downstream call failed","service.name":"api-gateway","service.version":"local","service.language":"go","observability.run_id":"local-unobserved","remote":"172.19.0.8","interaction_id":"gui-demo-20260630141728-invalid-accept-negative","code":"invalid_argument","duration_ms":3}
migrate-1            | 2026-06-30T14:20:14.777904317Z CREATE INDEX
migrate-1            | 2026-06-30T14:20:14.777905771Z psql:distributed-backend/src/trade-settlement/migrations/0001_settlement_schema.sql:535: NOTICE:  relation "wallet_ledger_wallet_idx" already exists, skipping
api-gateway-1        | 2026-06-30T14:18:43.034736767Z {"timestamp":"2026-06-30T14:18:43.034411794Z","level":"INFO","msg":"udp packet received","service.name":"api-gateway","service.version":"local","service.language":"go","observability.run_id":"local-unobserved","remote":"172.19.0.8","bytes":697}
migrate-1            | 2026-06-30T14:20:14.778308371Z psql:distributed-backend/src/trade-settlement/migrations/0001_settlement_schema.sql:536: NOTICE:  relation "item_stack_owner_item_station_idx" already exists, skipping
migrate-1            | 2026-06-30T14:20:14.778357584Z CREATE INDEX
api-gateway-1        | 2026-06-30T14:18:43.039625471Z {"timestamp":"2026-06-30T14:18:43.039316158Z","level":"WARN","msg":"udp downstream call failed","service.name":"api-gateway","service.version":"local","service.language":"go","observability.run_id":"local-unobserved","remote":"172.19.0.8","interaction_id":"gui-demo-20260630141728-invalid-accept-too-many","code":"failed_precondition","duration_ms":3}
api-gateway-1        | 2026-06-30T14:18:44.801018553Z {"timestamp":"2026-06-30T14:18:44.800732272Z","level":"INFO","msg":"udp packet received","service.name":"api-gateway","service.version":"local","service.language":"go","observability.run_id":"local-unobserved","remote":"172.19.0.8","bytes":690}
api-gateway-1        | 2026-06-30T14:18:44.804250423Z {"timestamp":"2026-06-30T14:18:44.803966921Z","level":"WARN","msg":"udp downstream call failed","service.name":"api-gateway","service.version":"local","service.language":"go","observability.run_id":"local-unobserved","remote":"172.19.0.8","interaction_id":"gui-demo-20260630141728-invalid-accept-self","code":"invalid_argument","duration_ms":2}
migrate-1            | 2026-06-30T14:20:14.778781983Z CREATE INDEX
migrate-1            | 2026-06-30T14:20:14.778812208Z psql:distributed-backend/src/trade-settlement/migrations/0001_settlement_schema.sql:537: NOTICE:  relation "item_stack_ledger_stack_idx" already exists, skipping
migrate-1            | 2026-06-30T14:20:14.779457265Z CREATE INDEX
migrate-1            | 2026-06-30T14:20:14.779618241Z psql:distributed-backend/src/trade-settlement/migrations/0001_settlement_schema.sql:538: NOTICE:  relation "item_stack_ledger_stack_sequence_unique_idx" already exists, skipping
migrate-1            | 2026-06-30T14:20:14.779790412Z psql:distributed-backend/src/trade-settlement/migrations/0001_settlement_schema.sql:539: NOTICE:  relation "item_stack_ledger_stack_hash_unique_idx" already exists, skipping
migrate-1            | 2026-06-30T14:20:14.779834003Z CREATE INDEX
migrate-1            | 2026-06-30T14:20:14.780215855Z psql:distributed-backend/src/trade-settlement/migrations/0001_settlement_schema.sql:540: NOTICE:  relation "trade_instance_lookup_idx" already exists, skipping
migrate-1            | 2026-06-30T14:20:14.780234881Z CREATE INDEX
api-gateway-1        | 2026-06-30T14:18:46.456047801Z {"timestamp":"2026-06-30T14:18:46.455543679Z","level":"INFO","msg":"udp packet received","service.name":"api-gateway","service.version":"local","service.language":"go","observability.run_id":"local-unobserved","remote":"172.19.0.8","bytes":717}
migrate-1            | 2026-06-30T14:20:14.780566642Z CREATE INDEX
simulator-1          | 2026-06-30T14:19:06.762306064Z [30/Jun/2026 14:19:06] "POST /api/gui/buttons/2/press/ HTTP/1.1" 409 1456
migrate-1            | 2026-06-30T14:20:14.780614297Z psql:distributed-backend/src/trade-settlement/migrations/0001_settlement_schema.sql:541: NOTICE:  relation "trade_instance_open_expires_at_idx" already exists, skipping
migrate-1            | 2026-06-30T14:20:14.781158366Z CREATE INDEX
migrate-1            | 2026-06-30T14:20:14.781193784Z psql:distributed-backend/src/trade-settlement/migrations/0001_settlement_schema.sql:542: NOTICE:  relation "item_stack_escrow_active_trade_unique_idx" already exists, skipping
migrate-1            | 2026-06-30T14:20:14.790489151Z CREATE FUNCTION
simulator-1          | 2026-06-30T14:19:08.144564730Z Conflict: /api/gui/buttons/3/press/
api-gateway-1        | 2026-06-30T14:18:46.460155028Z {"timestamp":"2026-06-30T14:18:46.459869137Z","level":"WARN","msg":"udp downstream call failed","service.name":"api-gateway","service.version":"local","service.language":"go","observability.run_id":"local-unobserved","remote":"172.19.0.8","interaction_id":"gui-demo-20260630141728-invalid-accept-wrong-wallet-owner","code":"failed_precondition","duration_ms":3}
simulator-1          | 2026-06-30T14:19:08.144932117Z [30/Jun/2026 14:19:08] "POST /api/gui/buttons/3/press/ HTTP/1.1" 409 1141
simulator-1          | 2026-06-30T14:19:09.559174068Z Bad Request: /api/gui/buttons/2/press/
simulator-1          | 2026-06-30T14:19:09.559653863Z [30/Jun/2026 14:19:09] "POST /api/gui/buttons/2/press/ HTTP/1.1" 400 1426
simulator-1          | 2026-06-30T14:19:12.151372761Z [30/Jun/2026 14:19:12] "POST /api/gui/buttons/1/press/ HTTP/1.1" 202 1261
api-gateway-1        | 2026-06-30T14:18:48.120364231Z {"timestamp":"2026-06-30T14:18:48.120135722Z","level":"INFO","msg":"udp packet received","service.name":"api-gateway","service.version":"local","service.language":"go","observability.run_id":"local-unobserved","remote":"172.19.0.8","bytes":673}
simulator-1          | 2026-06-30T14:19:13.539467210Z Forbidden: /api/gui/buttons/3/press/
simulator-1          | 2026-06-30T14:19:13.539720495Z [30/Jun/2026 14:19:13] "POST /api/gui/buttons/3/press/ HTTP/1.1" 403 1236
simulator-1          | 2026-06-30T14:19:15.340302544Z [30/Jun/2026 14:19:15] "POST /api/gui/buttons/3/press/ HTTP/1.1" 202 913
api-gateway-1        | 2026-06-30T14:18:48.123263873Z {"timestamp":"2026-06-30T14:18:48.123035478Z","level":"WARN","msg":"udp downstream call failed","service.name":"api-gateway","service.version":"local","service.language":"go","observability.run_id":"local-unobserved","remote":"172.19.0.8","interaction_id":"gui-demo-20260630141728-invalid-accept-missing-wallet","code":"failed_precondition","duration_ms":2}
migrate-1            | 2026-06-30T14:20:14.828467460Z CREATE FUNCTION
api-gateway-1        | 2026-06-30T14:18:49.840343300Z {"timestamp":"2026-06-30T14:18:49.840065555Z","level":"INFO","msg":"udp packet received","service.name":"api-gateway","service.version":"local","service.language":"go","observability.run_id":"local-unobserved","remote":"172.19.0.8","bytes":714}
migrate-1            | 2026-06-30T14:20:14.844157119Z DROP TRIGGER
api-gateway-1        | 2026-06-30T14:18:49.841623554Z {"timestamp":"2026-06-30T14:18:49.841421087Z","level":"WARN","msg":"udp downstream call failed","service.name":"api-gateway","service.version":"local","service.language":"go","observability.run_id":"local-unobserved","remote":"172.19.0.8","interaction_id":"gui-demo-20260630141728-invalid-accept-nonnumeric","code":"invalid_argument","duration_ms":1}
migrate-1            | 2026-06-30T14:20:14.853581134Z CREATE TRIGGER
migrate-1            | 2026-06-30T14:20:14.874351528Z DROP TRIGGER
api-gateway-1        | 2026-06-30T14:18:51.686109351Z {"timestamp":"2026-06-30T14:18:51.685777457Z","level":"INFO","msg":"udp packet received","service.name":"api-gateway","service.version":"local","service.language":"go","observability.run_id":"local-unobserved","remote":"172.19.0.8","bytes":709}
migrate-1            | 2026-06-30T14:20:14.897767765Z CREATE TRIGGER
api-gateway-1        | 2026-06-30T14:18:51.688213378Z {"timestamp":"2026-06-30T14:18:51.68799068Z","level":"WARN","msg":"udp downstream call failed","service.name":"api-gateway","service.version":"local","service.language":"go","observability.run_id":"local-unobserved","remote":"172.19.0.8","interaction_id":"gui-demo-20260630141728-invalid-accept-huge","code":"invalid_argument","duration_ms":1}
migrate-1            | 2026-06-30T14:20:14.916559273Z DROP TRIGGER
api-gateway-1        | 2026-06-30T14:18:53.436472462Z {"timestamp":"2026-06-30T14:18:53.436115056Z","level":"INFO","msg":"udp packet received","service.name":"api-gateway","service.version":"local","service.language":"go","observability.run_id":"local-unobserved","remote":"172.19.0.8","bytes":658}
migrate-1            | 2026-06-30T14:20:14.953604422Z CREATE TRIGGER
migrate-1            | 2026-06-30T14:20:14.978288815Z DROP TRIGGER
migrate-1            | 2026-06-30T14:20:15.000839930Z CREATE TRIGGER
migrate-1            | 2026-06-30T14:20:15.014328156Z CREATE FUNCTION
api-gateway-1        | 2026-06-30T14:18:53.509050714Z {"timestamp":"2026-06-30T14:18:53.508770672Z","level":"INFO","msg":"udp downstream call succeeded","service.name":"api-gateway","service.version":"local","service.language":"go","observability.run_id":"local-unobserved","remote":"172.19.0.8","interaction_id":"gui-demo-20260630141728-insufficient-isk-issue","duration_ms":72}
simulator-1          | 2026-06-30T14:19:18.566554819Z [30/Jun/2026 14:19:18] "POST /api/gui/buttons/1/press/ HTTP/1.1" 202 1253
simulator-1          | 2026-06-30T14:19:22.621092693Z [30/Jun/2026 14:19:22] "POST /api/gui/buttons/2/press/ HTTP/1.1" 202 1349
simulator-1          | 2026-06-30T14:19:25.923883314Z [30/Jun/2026 14:19:25] "POST /api/gui/buttons/1/press/ HTTP/1.1" 202 1293
api-gateway-1        | 2026-06-30T14:18:54.923854433Z {"timestamp":"2026-06-30T14:18:54.923528439Z","level":"INFO","msg":"udp packet received","service.name":"api-gateway","service.version":"local","service.language":"go","observability.run_id":"local-unobserved","remote":"172.19.0.8","bytes":697}
api-gateway-1        | 2026-06-30T14:18:54.968231286Z {"timestamp":"2026-06-30T14:18:54.968005793Z","level":"WARN","msg":"udp downstream call failed","service.name":"api-gateway","service.version":"local","service.language":"go","observability.run_id":"local-unobserved","remote":"172.19.0.8","interaction_id":"gui-demo-20260630141728-insufficient-isk-accept","code":"failed_precondition","duration_ms":44}
api-gateway-1        | 2026-06-30T14:18:56.759511414Z {"timestamp":"2026-06-30T14:18:56.759176134Z","level":"INFO","msg":"udp packet received","service.name":"api-gateway","service.version":"local","service.language":"go","observability.run_id":"local-unobserved","remote":"172.19.0.8","bytes":538}
api-gateway-1        | 2026-06-30T14:18:56.819021975Z {"timestamp":"2026-06-30T14:18:56.818738544Z","level":"INFO","msg":"udp downstream call succeeded","service.name":"api-gateway","service.version":"local","service.language":"go","observability.run_id":"local-unobserved","remote":"172.19.0.8","interaction_id":"gui-demo-20260630141728-insufficient-isk-cleanup","duration_ms":58}
migrate-1            | 2026-06-30T14:20:15.022734579Z CREATE FUNCTION
migrate-1            | 2026-06-30T14:20:15.028337697Z DROP TRIGGER
migrate-1            | 2026-06-30T14:20:15.033415554Z CREATE TRIGGER
migrate-1            | 2026-06-30T14:20:15.040614264Z DROP TRIGGER
migrate-1            | 2026-06-30T14:20:15.048054066Z CREATE TRIGGER
migrate-1            | 2026-06-30T14:20:15.109622631Z INSERT 0 1
migrate-1            | 2026-06-30T14:20:15.175159629Z CREATE EXTENSION
simulator-1          | 2026-06-30T14:19:27.596215896Z [30/Jun/2026 14:19:27] "POST /api/gui/buttons/3/press/ HTTP/1.1" 202 903
simulator-1          | 2026-06-30T14:19:31.043070427Z [30/Jun/2026 14:19:31] "GET / HTTP/1.1" 200 12202
api-gateway-1        | 2026-06-30T14:18:58.182726942Z {"timestamp":"2026-06-30T14:18:58.182468781Z","level":"INFO","msg":"udp packet received","service.name":"api-gateway","service.version":"local","service.language":"go","observability.run_id":"local-unobserved","remote":"172.19.0.8","bytes":653}
simulator-1          | 2026-06-30T14:19:31.120097017Z [30/Jun/2026 14:19:31] "POST /api/gui/buttons/1/press/ HTTP/1.1" 202 1263
simulator-1          | 2026-06-30T14:19:34.546442224Z [30/Jun/2026 14:19:34] "POST /api/gui/buttons/3/press/ HTTP/1.1" 202 898
simulator-1          | 2026-06-30T14:19:37.081738551Z [30/Jun/2026 14:19:37] "POST /api/gui/buttons/4/press/ HTTP/1.1" 202 1260
migrate-1            | 2026-06-30T14:20:15.175189391Z psql:distributed-backend/src/trade-settlement/migrations/0001_settlement_schema.sql:1: NOTICE:  extension "pgcrypto" already exists, skipping
api-gateway-1        | 2026-06-30T14:18:58.225418803Z {"timestamp":"2026-06-30T14:18:58.225154389Z","level":"INFO","msg":"udp downstream call succeeded","service.name":"api-gateway","service.version":"local","service.language":"go","observability.run_id":"local-unobserved","remote":"172.19.0.8","interaction_id":"gui-demo-20260630141728-cancelled-accept-issue","duration_ms":42}
migrate-1            | 2026-06-30T14:20:15.184767078Z CREATE FUNCTION
api-gateway-1        | 2026-06-30T14:18:59.667880004Z {"timestamp":"2026-06-30T14:18:59.667469124Z","level":"INFO","msg":"udp packet received","service.name":"api-gateway","service.version":"local","service.language":"go","observability.run_id":"local-unobserved","remote":"172.19.0.8","bytes":536}
api-gateway-1        | 2026-06-30T14:18:59.706390157Z {"timestamp":"2026-06-30T14:18:59.706111439Z","level":"INFO","msg":"udp downstream call succeeded","service.name":"api-gateway","service.version":"local","service.language":"go","observability.run_id":"local-unobserved","remote":"172.19.0.8","interaction_id":"gui-demo-20260630141728-cancelled-accept-cancel","duration_ms":38}
migrate-1            | 2026-06-30T14:20:15.190884927Z CREATE FUNCTION
api-gateway-1        | 2026-06-30T14:19:01.105970001Z {"timestamp":"2026-06-30T14:19:01.105570634Z","level":"INFO","msg":"udp packet received","service.name":"api-gateway","service.version":"local","service.language":"go","observability.run_id":"local-unobserved","remote":"172.19.0.8","bytes":683}
api-gateway-1        | 2026-06-30T14:19:01.110017420Z {"timestamp":"2026-06-30T14:19:01.109714392Z","level":"WARN","msg":"udp downstream call failed","service.name":"api-gateway","service.version":"local","service.language":"go","observability.run_id":"local-unobserved","remote":"172.19.0.8","interaction_id":"gui-demo-20260630141728-accept-cancelled","code":"failed_precondition","duration_ms":3}
migrate-1            | 2026-06-30T14:20:15.191605206Z psql:distributed-backend/src/trade-settlement/migrations/0001_settlement_schema.sql:76: NOTICE:  relation "capsuleer" already exists, skipping
simulator-1          | 2026-06-30T14:19:38.563196535Z [30/Jun/2026 14:19:38] "POST /api/gui/buttons/5/press/ HTTP/1.1" 202 1347
migrate-1            | 2026-06-30T14:20:15.191612331Z CREATE TABLE
simulator-1          | 2026-06-30T14:19:41.801159967Z [30/Jun/2026 14:19:41] "POST /api/gui/buttons/6/press/ HTTP/1.1" 202 1220
migrate-1            | 2026-06-30T14:20:15.192122454Z CREATE TABLE
api-gateway-1        | 2026-06-30T14:19:02.439902365Z {"timestamp":"2026-06-30T14:19:02.43963878Z","level":"INFO","msg":"udp packet received","service.name":"api-gateway","service.version":"local","service.language":"go","observability.run_id":"local-unobserved","remote":"172.19.0.8","bytes":538}
migrate-1            | 2026-06-30T14:20:15.192192002Z psql:distributed-backend/src/trade-settlement/migrations/0001_settlement_schema.sql:85: NOTICE:  relation "region" already exists, skipping
simulator-1          | 2026-06-30T14:19:43.632164062Z [30/Jun/2026 14:19:43] "POST /api/gui/buttons/7/press/ HTTP/1.1" 202 1310
migrate-1            | 2026-06-30T14:20:15.192340624Z psql:distributed-backend/src/trade-settlement/migrations/0001_settlement_schema.sql:95: NOTICE:  relation "station" already exists, skipping
api-gateway-1        | 2026-06-30T14:19:02.443200812Z {"timestamp":"2026-06-30T14:19:02.442936849Z","level":"WARN","msg":"udp downstream call failed","service.name":"api-gateway","service.version":"local","service.language":"go","observability.run_id":"local-unobserved","remote":"172.19.0.8","interaction_id":"gui-demo-20260630141728-cancel-already-cancelled","code":"failed_precondition","duration_ms":2}
migrate-1            | 2026-06-30T14:20:15.192373397Z CREATE TABLE
simulator-1          | 2026-06-30T14:19:47.103727433Z [30/Jun/2026 14:19:47] "POST /api/gui/buttons/1/press/ HTTP/1.1" 202 1228
migrate-1            | 2026-06-30T14:20:15.192803720Z CREATE TABLE
simulator-1          | 2026-06-30T14:19:48.421186509Z [30/Jun/2026 14:19:48] "GET / HTTP/1.1" 200 12202
api-gateway-1        | 2026-06-30T14:19:03.763273562Z {"timestamp":"2026-06-30T14:19:03.762310494Z","level":"INFO","msg":"udp packet received","service.name":"api-gateway","service.version":"local","service.language":"go","observability.run_id":"local-unobserved","remote":"172.19.0.8","bytes":653}
migrate-1            | 2026-06-30T14:20:15.192818387Z psql:distributed-backend/src/trade-settlement/migrations/0001_settlement_schema.sql:106: NOTICE:  relation "item_type" already exists, skipping
simulator-1          | 2026-06-30T14:19:51.324655428Z [30/Jun/2026 14:19:51] "POST /api/gui/buttons/2/press/ HTTP/1.1" 202 1334
migrate-1            | 2026-06-30T14:20:15.193319957Z CREATE TABLE
migrate-1            | 2026-06-30T14:20:15.193323244Z psql:distributed-backend/src/trade-settlement/migrations/0001_settlement_schema.sql:119: NOTICE:  relation "idempotency_record" already exists, skipping
migrate-1            | 2026-06-30T14:20:15.193869706Z CREATE TABLE
api-gateway-1        | 2026-06-30T14:19:03.810845111Z {"timestamp":"2026-06-30T14:19:03.81035576Z","level":"INFO","msg":"udp downstream call succeeded","service.name":"api-gateway","service.version":"local","service.language":"go","observability.run_id":"local-unobserved","remote":"172.19.0.8","interaction_id":"gui-demo-20260630141728-completed-target-issue","duration_ms":46}
migrate-1            | 2026-06-30T14:20:15.193889640Z psql:distributed-backend/src/trade-settlement/migrations/0001_settlement_schema.sql:132: NOTICE:  relation "request_attempt" already exists, skipping
api-gateway-1        | 2026-06-30T14:19:05.206352603Z {"timestamp":"2026-06-30T14:19:05.205831047Z","level":"INFO","msg":"udp packet received","service.name":"api-gateway","service.version":"local","service.language":"go","observability.run_id":"local-unobserved","remote":"172.19.0.8","bytes":697}
api-gateway-1        | 2026-06-30T14:19:05.254773234Z {"timestamp":"2026-06-30T14:19:05.254463921Z","level":"INFO","msg":"udp downstream call succeeded","service.name":"api-gateway","service.version":"local","service.language":"go","observability.run_id":"local-unobserved","remote":"172.19.0.8","interaction_id":"gui-demo-20260630141728-completed-target-accept","duration_ms":47}
simulator-1          | 2026-06-30T14:19:51.380503000Z Conflict: /api/gui/buttons/2/press/
simulator-1          | 2026-06-30T14:19:51.380784876Z [30/Jun/2026 14:19:51] "POST /api/gui/buttons/2/press/ HTTP/1.1" 409 1636
simulator-1          | 2026-06-30T14:20:11.601889452Z Service Unavailable: /api/gui/buttons/1/press/
api-gateway-1        | 2026-06-30T14:19:06.724284815Z {"timestamp":"2026-06-30T14:19:06.724049635Z","level":"INFO","msg":"udp packet received","service.name":"api-gateway","service.version":"local","service.language":"go","observability.run_id":"local-unobserved","remote":"172.19.0.8","bytes":683}
migrate-1            | 2026-06-30T14:20:15.194315140Z CREATE TABLE
migrate-1            | 2026-06-30T14:20:15.194377084Z psql:distributed-backend/src/trade-settlement/migrations/0001_settlement_schema.sql:146: NOTICE:  relation "settlement_batch" already exists, skipping
api-gateway-1        | 2026-06-30T14:19:06.726765332Z {"timestamp":"2026-06-30T14:19:06.726569232Z","level":"WARN","msg":"udp downstream call failed","service.name":"api-gateway","service.version":"local","service.language":"go","observability.run_id":"local-unobserved","remote":"172.19.0.8","interaction_id":"gui-demo-20260630141728-accept-completed","code":"failed_precondition","duration_ms":2}
migrate-1            | 2026-06-30T14:20:15.201584195Z ALTER TABLE
api-gateway-1        | 2026-06-30T14:19:08.110618883Z {"timestamp":"2026-06-30T14:19:08.110159217Z","level":"INFO","msg":"udp packet received","service.name":"api-gateway","service.version":"local","service.language":"go","observability.run_id":"local-unobserved","remote":"172.19.0.8","bytes":522}
api-gateway-1        | 2026-06-30T14:19:08.113746962Z {"timestamp":"2026-06-30T14:19:08.113493191Z","level":"WARN","msg":"udp downstream call failed","service.name":"api-gateway","service.version":"local","service.language":"go","observability.run_id":"local-unobserved","remote":"172.19.0.8","interaction_id":"gui-demo-20260630141728-cancel-completed","code":"failed_precondition","duration_ms":2}
api-gateway-1        | 2026-06-30T14:19:09.519926438Z {"timestamp":"2026-06-30T14:19:09.519611592Z","level":"INFO","msg":"udp packet received","service.name":"api-gateway","service.version":"local","service.language":"go","observability.run_id":"local-unobserved","remote":"172.19.0.8","bytes":655}
migrate-1            | 2026-06-30T14:20:15.210462264Z ALTER TABLE
api-gateway-1        | 2026-06-30T14:19:09.522400561Z {"timestamp":"2026-06-30T14:19:09.522033921Z","level":"WARN","msg":"udp downstream call failed","service.name":"api-gateway","service.version":"local","service.language":"go","observability.run_id":"local-unobserved","remote":"172.19.0.8","interaction_id":"gui-demo-20260630141728-accept-missing-trade","code":"invalid_argument","duration_ms":2}
migrate-1            | 2026-06-30T14:20:15.211130779Z CREATE TABLE
migrate-1            | 2026-06-30T14:20:15.211143800Z psql:distributed-backend/src/trade-settlement/migrations/0001_settlement_schema.sql:170: NOTICE:  relation "settlement_step" already exists, skipping
migrate-1            | 2026-06-30T14:20:15.211648104Z psql:distributed-backend/src/trade-settlement/migrations/0001_settlement_schema.sql:173: NOTICE:  column "step_output" of relation "settlement_step" already exists, skipping
migrate-1            | 2026-06-30T14:20:15.220575575Z ALTER TABLE
migrate-1            | 2026-06-30T14:20:15.221493563Z CREATE TABLE
migrate-1            | 2026-06-30T14:20:15.221534715Z psql:distributed-backend/src/trade-settlement/migrations/0001_settlement_schema.sql:186: NOTICE:  relation "wallet" already exists, skipping
migrate-1            | 2026-06-30T14:20:15.222053681Z psql:distributed-backend/src/trade-settlement/migrations/0001_settlement_schema.sql:200: NOTICE:  relation "item_stack" already exists, skipping
migrate-1            | 2026-06-30T14:20:15.222090051Z CREATE TABLE
migrate-1            | 2026-06-30T14:20:15.222875222Z CREATE TABLE
simulator-1          | 2026-06-30T14:20:11.602347996Z [30/Jun/2026 14:20:11] "POST /api/gui/buttons/1/press/ HTTP/1.1" 503 1314
migrate-1            | 2026-06-30T14:20:15.222882052Z psql:distributed-backend/src/trade-settlement/migrations/0001_settlement_schema.sql:216: NOTICE:  relation "trade_instance" already exists, skipping
migrate-1            | 2026-06-30T14:20:15.223393801Z CREATE TABLE
simulator-1          | 2026-06-30T14:20:22.375917012Z [30/Jun/2026 14:20:22] "POST /api/gui/buttons/1/press/ HTTP/1.1" 202 1248
simulator-1          | 2026-06-30T14:20:23.822621544Z [30/Jun/2026 14:20:23] "POST /api/gui/buttons/3/press/ HTTP/1.1" 202 903
simulator-1          | 2026-06-30T14:20:25.254933982Z [30/Jun/2026 14:20:25] "POST /api/gui/buttons/3/press/ HTTP/1.1" 202 933
migrate-1            | 2026-06-30T14:20:15.223398340Z psql:distributed-backend/src/trade-settlement/migrations/0001_settlement_schema.sql:230: NOTICE:  relation "wallet_escrow" already exists, skipping
api-gateway-1        | 2026-06-30T14:19:12.026608327Z {"timestamp":"2026-06-30T14:19:12.026348078Z","level":"INFO","msg":"udp packet received","service.name":"api-gateway","service.version":"local","service.language":"go","observability.run_id":"local-unobserved","remote":"172.19.0.8","bytes":643}
migrate-1            | 2026-06-30T14:20:15.224226607Z CREATE TABLE
api-gateway-1        | 2026-06-30T14:19:12.059984749Z {"timestamp":"2026-06-30T14:19:12.059737536Z","level":"INFO","msg":"udp downstream call succeeded","service.name":"api-gateway","service.version":"local","service.language":"go","observability.run_id":"local-unobserved","remote":"172.19.0.8","interaction_id":"gui-demo-20260630141728-role-target-issue","duration_ms":32}
api-gateway-1        | 2026-06-30T14:19:13.485209648Z {"timestamp":"2026-06-30T14:19:13.484909332Z","level":"INFO","msg":"udp packet received","service.name":"api-gateway","service.version":"local","service.language":"go","observability.run_id":"local-unobserved","remote":"172.19.0.8","bytes":531}
migrate-1            | 2026-06-30T14:20:15.224252496Z psql:distributed-backend/src/trade-settlement/migrations/0001_settlement_schema.sql:246: NOTICE:  relation "item_stack_escrow" already exists, skipping
migrate-1            | 2026-06-30T14:20:15.225114033Z psql:distributed-backend/src/trade-settlement/migrations/0001_settlement_schema.sql:268: NOTICE:  relation "wallet_ledger" already exists, skipping
api-gateway-1        | 2026-06-30T14:19:13.487864881Z {"timestamp":"2026-06-30T14:19:13.487637479Z","level":"WARN","msg":"udp downstream call failed","service.name":"api-gateway","service.version":"local","service.language":"go","observability.run_id":"local-unobserved","remote":"172.19.0.8","interaction_id":"gui-demo-20260630141728-role-nonseller-cancel","code":"permission_denied","duration_ms":2}
api-gateway-1        | 2026-06-30T14:19:15.258567728Z {"timestamp":"2026-06-30T14:19:15.255964588Z","level":"INFO","msg":"udp packet received","service.name":"api-gateway","service.version":"local","service.language":"go","observability.run_id":"local-unobserved","remote":"172.19.0.8","bytes":526}
api-gateway-1        | 2026-06-30T14:19:15.296532150Z {"timestamp":"2026-06-30T14:19:15.296246984Z","level":"INFO","msg":"udp downstream call succeeded","service.name":"api-gateway","service.version":"local","service.language":"go","observability.run_id":"local-unobserved","remote":"172.19.0.8","interaction_id":"gui-demo-20260630141728-role-owner-cleanup","duration_ms":37}
api-gateway-1        | 2026-06-30T14:19:18.484581337Z {"timestamp":"2026-06-30T14:19:18.484365839Z","level":"INFO","msg":"udp packet received","service.name":"api-gateway","service.version":"local","service.language":"go","observability.run_id":"local-unobserved","remote":"172.19.0.8","bytes":640}
api-gateway-1        | 2026-06-30T14:19:18.526698747Z {"timestamp":"2026-06-30T14:19:18.526395363Z","level":"INFO","msg":"udp downstream call succeeded","service.name":"api-gateway","service.version":"local","service.language":"go","observability.run_id":"local-unobserved","remote":"172.19.0.8","interaction_id":"gui-demo-20260630141728-duplicate-issue","duration_ms":41}
api-gateway-1        | 2026-06-30T14:19:22.475956808Z {"timestamp":"2026-06-30T14:19:22.475614375Z","level":"INFO","msg":"udp packet received","service.name":"api-gateway","service.version":"local","service.language":"go","observability.run_id":"local-unobserved","remote":"172.19.0.8","bytes":683}
api-gateway-1        | 2026-06-30T14:19:22.552735299Z {"timestamp":"2026-06-30T14:19:22.552472075Z","level":"INFO","msg":"udp downstream call succeeded","service.name":"api-gateway","service.version":"local","service.language":"go","observability.run_id":"local-unobserved","remote":"172.19.0.8","interaction_id":"gui-demo-20260630141728-duplicate-accept","duration_ms":76}
api-gateway-1        | 2026-06-30T14:19:25.852176411Z {"timestamp":"2026-06-30T14:19:25.851889043Z","level":"INFO","msg":"udp packet received","service.name":"api-gateway","service.version":"local","service.language":"go","observability.run_id":"local-unobserved","remote":"172.19.0.8","bytes":656}
api-gateway-1        | 2026-06-30T14:19:25.888865684Z {"timestamp":"2026-06-30T14:19:25.888590869Z","level":"INFO","msg":"udp downstream call succeeded","service.name":"api-gateway","service.version":"local","service.language":"go","observability.run_id":"local-unobserved","remote":"172.19.0.8","interaction_id":"gui-demo-20260630141728-duplicate-cancel-target","duration_ms":36}
api-gateway-1        | 2026-06-30T14:19:27.505875340Z {"timestamp":"2026-06-30T14:19:27.505610176Z","level":"INFO","msg":"udp packet received","service.name":"api-gateway","service.version":"local","service.language":"go","observability.run_id":"local-unobserved","remote":"172.19.0.8","bytes":522}
migrate-1            | 2026-06-30T14:20:15.225172778Z CREATE TABLE
migrate-1            | 2026-06-30T14:20:15.226322304Z psql:distributed-backend/src/trade-settlement/migrations/0001_settlement_schema.sql:302: NOTICE:  relation "item_stack_ledger" already exists, skipping
migrate-1            | 2026-06-30T14:20:15.226353813Z CREATE TABLE
migrate-1            | 2026-06-30T14:20:15.233582339Z CREATE FUNCTION
api-gateway-1        | 2026-06-30T14:19:27.545517695Z {"timestamp":"2026-06-30T14:19:27.545187018Z","level":"INFO","msg":"udp downstream call succeeded","service.name":"api-gateway","service.version":"local","service.language":"go","observability.run_id":"local-unobserved","remote":"172.19.0.8","interaction_id":"gui-demo-20260630141728-duplicate-cancel","duration_ms":39}
migrate-1            | 2026-06-30T14:20:15.239676616Z ALTER TABLE
migrate-1            | 2026-06-30T14:20:15.245681539Z ALTER TABLE
migrate-1            | 2026-06-30T14:20:15.251294681Z ALTER TABLE
migrate-1            | 2026-06-30T14:20:15.256425600Z ALTER TABLE
api-gateway-1        | 2026-06-30T14:19:30.989026447Z {"timestamp":"2026-06-30T14:19:30.98858823Z","level":"INFO","msg":"udp packet received","service.name":"api-gateway","service.version":"local","service.language":"go","observability.run_id":"local-unobserved","remote":"172.19.0.8","bytes":644}
api-gateway-1        | 2026-06-30T14:19:31.068348375Z {"timestamp":"2026-06-30T14:19:31.068105658Z","level":"INFO","msg":"udp downstream call succeeded","service.name":"api-gateway","service.version":"local","service.language":"go","observability.run_id":"local-unobserved","remote":"172.19.0.8","interaction_id":"gui-demo-20260630141728-refresh-in-flight","duration_ms":78}
api-gateway-1        | 2026-06-30T14:19:34.434697268Z {"timestamp":"2026-06-30T14:19:34.434376501Z","level":"INFO","msg":"udp packet received","service.name":"api-gateway","service.version":"local","service.language":"go","observability.run_id":"local-unobserved","remote":"172.19.0.8","bytes":520}
api-gateway-1        | 2026-06-30T14:19:34.482104139Z {"timestamp":"2026-06-30T14:19:34.481852462Z","level":"INFO","msg":"udp downstream call succeeded","service.name":"api-gateway","service.version":"local","service.language":"go","observability.run_id":"local-unobserved","remote":"172.19.0.8","interaction_id":"gui-demo-20260630141728-refresh-cleanup","duration_ms":46}
api-gateway-1        | 2026-06-30T14:19:37.009379897Z {"timestamp":"2026-06-30T14:19:37.009011905Z","level":"INFO","msg":"udp packet received","service.name":"api-gateway","service.version":"local","service.language":"go","observability.run_id":"local-unobserved","remote":"172.19.0.8","bytes":644}
api-gateway-1        | 2026-06-30T14:19:37.041609373Z {"timestamp":"2026-06-30T14:19:37.041300845Z","level":"INFO","msg":"udp downstream call succeeded","service.name":"api-gateway","service.version":"local","service.language":"go","observability.run_id":"local-unobserved","remote":"172.19.0.8","interaction_id":"gui-demo-20260630141728-contract-issue","duration_ms":31}
api-gateway-1        | 2026-06-30T14:19:38.463424293Z {"timestamp":"2026-06-30T14:19:38.463034455Z","level":"INFO","msg":"udp packet received","service.name":"api-gateway","service.version":"local","service.language":"go","observability.run_id":"local-unobserved","remote":"172.19.0.8","bytes":681}
api-gateway-1        | 2026-06-30T14:19:38.522793355Z {"timestamp":"2026-06-30T14:19:38.522443948Z","level":"INFO","msg":"udp downstream call succeeded","service.name":"api-gateway","service.version":"local","service.language":"go","observability.run_id":"local-unobserved","remote":"172.19.0.8","interaction_id":"gui-demo-20260630141728-contract-accept","duration_ms":58}
api-gateway-1        | 2026-06-30T14:19:41.702007852Z {"timestamp":"2026-06-30T14:19:41.701744066Z","level":"INFO","msg":"udp packet received","service.name":"api-gateway","service.version":"local","service.language":"go","observability.run_id":"local-unobserved","remote":"172.19.0.8","bytes":621}
api-gateway-1        | 2026-06-30T14:19:41.754415194Z {"timestamp":"2026-06-30T14:19:41.753844806Z","level":"INFO","msg":"udp downstream call succeeded","service.name":"api-gateway","service.version":"local","service.language":"go","observability.run_id":"local-unobserved","remote":"172.19.0.8","interaction_id":"gui-demo-20260630141728-direct-issue","duration_ms":51}
api-gateway-1        | 2026-06-30T14:19:43.300223364Z {"timestamp":"2026-06-30T14:19:43.299913471Z","level":"INFO","msg":"udp packet received","service.name":"api-gateway","service.version":"local","service.language":"go","observability.run_id":"local-unobserved","remote":"172.19.0.8","bytes":660}
api-gateway-1        | 2026-06-30T14:19:43.573982948Z {"timestamp":"2026-06-30T14:19:43.573683995Z","level":"INFO","msg":"udp downstream call succeeded","service.name":"api-gateway","service.version":"local","service.language":"go","observability.run_id":"local-unobserved","remote":"172.19.0.8","interaction_id":"gui-demo-20260630141728-direct-accept","duration_ms":272}
api-gateway-1        | 2026-06-30T14:19:47.011827352Z {"timestamp":"2026-06-30T14:19:47.011431078Z","level":"INFO","msg":"udp packet received","service.name":"api-gateway","service.version":"local","service.language":"go","observability.run_id":"local-unobserved","remote":"172.19.0.8","bytes":630}
api-gateway-1        | 2026-06-30T14:19:47.055837777Z {"timestamp":"2026-06-30T14:19:47.055480203Z","level":"INFO","msg":"udp downstream call succeeded","service.name":"api-gateway","service.version":"local","service.language":"go","observability.run_id":"local-unobserved","remote":"172.19.0.8","interaction_id":"gui-demo-20260630141728-race-issue","duration_ms":43}
api-gateway-1        | 2026-06-30T14:19:51.126735239Z {"timestamp":"2026-06-30T14:19:51.126410945Z","level":"INFO","msg":"udp packet received","service.name":"api-gateway","service.version":"local","service.language":"go","observability.run_id":"local-unobserved","remote":"172.19.0.8","bytes":677}
api-gateway-1        | 2026-06-30T14:19:51.209755096Z {"timestamp":"2026-06-30T14:19:51.209504025Z","level":"INFO","msg":"udp packet received","service.name":"api-gateway","service.version":"local","service.language":"go","observability.run_id":"local-unobserved","remote":"172.19.0.8","bytes":677}
api-gateway-1        | 2026-06-30T14:19:51.218841931Z {"timestamp":"2026-06-30T14:19:51.218590293Z","level":"INFO","msg":"udp downstream call succeeded","service.name":"api-gateway","service.version":"local","service.language":"go","observability.run_id":"local-unobserved","remote":"172.19.0.8","interaction_id":"gui-demo-20260630141728-race-accept-a","duration_ms":91}
api-gateway-1        | 2026-06-30T14:19:51.286114621Z {"timestamp":"2026-06-30T14:19:51.28580218Z","level":"WARN","msg":"udp downstream call failed","service.name":"api-gateway","service.version":"local","service.language":"go","observability.run_id":"local-unobserved","remote":"172.19.0.8","interaction_id":"gui-demo-20260630141728-race-accept-b","code":"failed_precondition","duration_ms":76}
api-gateway-1        | 2026-06-30T14:19:57.286804779Z {"timestamp":"2026-06-30T14:19:57.286438313Z","level":"INFO","msg":"udp packet received","service.name":"api-gateway","service.version":"local","service.language":"go","observability.run_id":"local-unobserved","remote":"172.19.0.8","bytes":636}
api-gateway-1        | 2026-06-30T14:20:02.286388421Z {"timestamp":"2026-06-30T14:20:02.286030129Z","level":"WARN","msg":"udp downstream call failed","service.name":"api-gateway","service.version":"local","service.language":"go","observability.run_id":"local-unobserved","remote":"172.19.0.8","interaction_id":"gui-demo-20260630141728-market-outage","code":"downstream_timeout","duration_ms":5001}
api-gateway-1        | 2026-06-30T14:20:02.388917873Z {"timestamp":"2026-06-30T14:20:02.388686887Z","level":"INFO","msg":"udp packet received","service.name":"api-gateway","service.version":"local","service.language":"go","observability.run_id":"local-unobserved","remote":"172.19.0.8","bytes":636}
api-gateway-1        | 2026-06-30T14:20:07.389882251Z {"timestamp":"2026-06-30T14:20:07.389487136Z","level":"WARN","msg":"udp downstream call failed","service.name":"api-gateway","service.version":"local","service.language":"go","observability.run_id":"local-unobserved","remote":"172.19.0.8","interaction_id":"gui-demo-20260630141728-market-outage","code":"downstream_timeout","duration_ms":5000}
api-gateway-1        | 2026-06-30T14:20:07.592545120Z {"timestamp":"2026-06-30T14:20:07.592310827Z","level":"INFO","msg":"udp packet received","service.name":"api-gateway","service.version":"local","service.language":"go","observability.run_id":"local-unobserved","remote":"172.19.0.8","bytes":636}
api-gateway-1        | 2026-06-30T14:20:11.566104279Z {"timestamp":"2026-06-30T14:20:11.565880237Z","level":"WARN","msg":"udp downstream call failed","service.name":"api-gateway","service.version":"local","service.language":"go","observability.run_id":"local-unobserved","remote":"172.19.0.8","interaction_id":"gui-demo-20260630141728-market-outage","code":"downstream_unavailable","duration_ms":3973}
api-gateway-1        | 2026-06-30T14:20:22.250662368Z {"timestamp":"2026-06-30T14:20:22.25036Z","level":"INFO","msg":"udp packet received","service.name":"api-gateway","service.version":"local","service.language":"go","observability.run_id":"local-unobserved","remote":"172.19.0.8","bytes":638}
api-gateway-1        | 2026-06-30T14:20:22.335996229Z {"timestamp":"2026-06-30T14:20:22.335693046Z","level":"INFO","msg":"udp downstream call succeeded","service.name":"api-gateway","service.version":"local","service.language":"go","observability.run_id":"local-unobserved","remote":"172.19.0.8","interaction_id":"gui-demo-20260630141728-recovery-issue","duration_ms":84}
api-gateway-1        | 2026-06-30T14:20:23.705103984Z {"timestamp":"2026-06-30T14:20:23.704740433Z","level":"INFO","msg":"udp packet received","service.name":"api-gateway","service.version":"local","service.language":"go","observability.run_id":"local-unobserved","remote":"172.19.0.8","bytes":522}
api-gateway-1        | 2026-06-30T14:20:23.772064861Z {"timestamp":"2026-06-30T14:20:23.771543838Z","level":"INFO","msg":"udp downstream call succeeded","service.name":"api-gateway","service.version":"local","service.language":"go","observability.run_id":"local-unobserved","remote":"172.19.0.8","interaction_id":"gui-demo-20260630141728-recovery-cleanup","duration_ms":66}
api-gateway-1        | 2026-06-30T14:20:25.167915375Z {"timestamp":"2026-06-30T14:20:25.167614738Z","level":"INFO","msg":"udp packet received","service.name":"api-gateway","service.version":"local","service.language":"go","observability.run_id":"local-unobserved","remote":"172.19.0.8","bytes":534}
api-gateway-1        | 2026-06-30T14:20:25.210612730Z {"timestamp":"2026-06-30T14:20:25.210257664Z","level":"INFO","msg":"udp downstream call succeeded","service.name":"api-gateway","service.version":"local","service.language":"go","observability.run_id":"local-unobserved","remote":"172.19.0.8","interaction_id":"gui-demo-20260630141728-invalid-accept-cleanup","duration_ms":42}
migrate-1            | 2026-06-30T14:20:15.262283775Z ALTER TABLE
migrate-1            | 2026-06-30T14:20:15.270005102Z ALTER TABLE
migrate-1            | 2026-06-30T14:20:15.276388743Z CREATE FUNCTION
migrate-1            | 2026-06-30T14:20:15.283152730Z CREATE FUNCTION
migrate-1            | 2026-06-30T14:20:15.294309222Z CREATE FUNCTION
migrate-1            | 2026-06-30T14:20:15.300716453Z DROP TRIGGER
migrate-1            | 2026-06-30T14:20:15.306585797Z CREATE TRIGGER
migrate-1            | 2026-06-30T14:20:15.316698344Z DROP TRIGGER
migrate-1            | 2026-06-30T14:20:15.325483717Z CREATE TRIGGER
migrate-1            | 2026-06-30T14:20:15.330087338Z DROP TRIGGER
migrate-1            | 2026-06-30T14:20:15.337532240Z CREATE TRIGGER
migrate-1            | 2026-06-30T14:20:15.338369126Z psql:distributed-backend/src/trade-settlement/migrations/0001_settlement_schema.sql:529: NOTICE:  relation "trade_state_change" already exists, skipping
migrate-1            | 2026-06-30T14:20:15.338378397Z CREATE TABLE
migrate-1            | 2026-06-30T14:20:15.338785822Z CREATE INDEX
migrate-1            | 2026-06-30T14:20:15.338798906Z psql:distributed-backend/src/trade-settlement/migrations/0001_settlement_schema.sql:531: NOTICE:  relation "settlement_batch_idempotency_key_idx" already exists, skipping
migrate-1            | 2026-06-30T14:20:15.339055761Z CREATE INDEX
migrate-1            | 2026-06-30T14:20:15.339107385Z psql:distributed-backend/src/trade-settlement/migrations/0001_settlement_schema.sql:532: NOTICE:  relation "settlement_step_batch_idx" already exists, skipping
migrate-1            | 2026-06-30T14:20:15.339658969Z CREATE INDEX
migrate-1            | 2026-06-30T14:20:15.339705913Z psql:distributed-backend/src/trade-settlement/migrations/0001_settlement_schema.sql:533: NOTICE:  relation "wallet_capsuleer_idx" already exists, skipping
migrate-1            | 2026-06-30T14:20:15.339977511Z CREATE INDEX
migrate-1            | 2026-06-30T14:20:15.339982378Z psql:distributed-backend/src/trade-settlement/migrations/0001_settlement_schema.sql:534: NOTICE:  relation "wallet_primary_capsuleer_unique_idx" already exists, skipping
migrate-1            | 2026-06-30T14:20:15.340396678Z psql:distributed-backend/src/trade-settlement/migrations/0001_settlement_schema.sql:535: NOTICE:  relation "wallet_ledger_wallet_idx" already exists, skipping
migrate-1            | 2026-06-30T14:20:15.340408820Z CREATE INDEX
migrate-1            | 2026-06-30T14:20:15.340826654Z CREATE INDEX
migrate-1            | 2026-06-30T14:20:15.340874676Z psql:distributed-backend/src/trade-settlement/migrations/0001_settlement_schema.sql:536: NOTICE:  relation "item_stack_owner_item_station_idx" already exists, skipping
migrate-1            | 2026-06-30T14:20:15.341130499Z CREATE INDEX
migrate-1            | 2026-06-30T14:20:15.341132906Z psql:distributed-backend/src/trade-settlement/migrations/0001_settlement_schema.sql:537: NOTICE:  relation "item_stack_ledger_stack_idx" already exists, skipping
migrate-1            | 2026-06-30T14:20:15.341669673Z psql:distributed-backend/src/trade-settlement/migrations/0001_settlement_schema.sql:538: NOTICE:  relation "item_stack_ledger_stack_sequence_unique_idx" already exists, skipping
migrate-1            | 2026-06-30T14:20:15.341716724Z CREATE INDEX
migrate-1            | 2026-06-30T14:20:15.342037275Z CREATE INDEX
migrate-1            | 2026-06-30T14:20:15.342066174Z psql:distributed-backend/src/trade-settlement/migrations/0001_settlement_schema.sql:539: NOTICE:  relation "item_stack_ledger_stack_hash_unique_idx" already exists, skipping
migrate-1            | 2026-06-30T14:20:15.342486258Z CREATE INDEX
migrate-1            | 2026-06-30T14:20:15.342533411Z psql:distributed-backend/src/trade-settlement/migrations/0001_settlement_schema.sql:540: NOTICE:  relation "trade_instance_lookup_idx" already exists, skipping
migrate-1            | 2026-06-30T14:20:15.342777044Z CREATE INDEX
migrate-1            | 2026-06-30T14:20:15.342799244Z psql:distributed-backend/src/trade-settlement/migrations/0001_settlement_schema.sql:541: NOTICE:  relation "trade_instance_open_expires_at_idx" already exists, skipping
migrate-1            | 2026-06-30T14:20:15.344327351Z CREATE INDEX
migrate-1            | 2026-06-30T14:20:15.344380597Z psql:distributed-backend/src/trade-settlement/migrations/0001_settlement_schema.sql:542: NOTICE:  relation "item_stack_escrow_active_trade_unique_idx" already exists, skipping
migrate-1            | 2026-06-30T14:20:15.356134468Z CREATE FUNCTION
migrate-1            | 2026-06-30T14:20:15.363224327Z CREATE FUNCTION
migrate-1            | 2026-06-30T14:20:15.370153554Z DROP TRIGGER
migrate-1            | 2026-06-30T14:20:15.379132628Z CREATE TRIGGER
migrate-1            | 2026-06-30T14:20:15.388512788Z DROP TRIGGER
migrate-1            | 2026-06-30T14:20:15.395413598Z CREATE TRIGGER
migrate-1            | 2026-06-30T14:20:15.400585156Z DROP TRIGGER
migrate-1            | 2026-06-30T14:20:15.405907694Z CREATE TRIGGER
migrate-1            | 2026-06-30T14:20:15.412417181Z DROP TRIGGER
migrate-1            | 2026-06-30T14:20:15.418739367Z CREATE TRIGGER
migrate-1            | 2026-06-30T14:20:15.425296813Z CREATE FUNCTION
migrate-1            | 2026-06-30T14:20:15.430944197Z CREATE FUNCTION
migrate-1            | 2026-06-30T14:20:15.438449251Z DROP TRIGGER
migrate-1            | 2026-06-30T14:20:15.445830616Z CREATE TRIGGER
migrate-1            | 2026-06-30T14:20:15.450266777Z DROP TRIGGER
migrate-1            | 2026-06-30T14:20:15.457935347Z CREATE TRIGGER
migrate-1            | 2026-06-30T14:20:15.564618390Z DO
migrate-1            | 2026-06-30T14:20:15.585338938Z ALTER ROLE
migrate-1            | 2026-06-30T14:20:15.590473144Z REVOKE
migrate-1            | 2026-06-30T14:20:15.595501680Z DO
migrate-1            | 2026-06-30T14:20:15.605831742Z GRANT
migrate-1            | 2026-06-30T14:20:15.613855173Z REVOKE
migrate-1            | 2026-06-30T14:20:15.619280373Z GRANT
migrate-1            | 2026-06-30T14:20:15.632682574Z GRANT
migrate-1            | 2026-06-30T14:20:15.640634483Z GRANT
migrate-1            | 2026-06-30T14:20:15.640944909Z REVOKE
migrate-1            | 2026-06-30T14:20:15.641038531Z GRANT
migrate-1            | 2026-06-30T14:20:15.692884066Z CREATE EXTENSION
migrate-1            | 2026-06-30T14:20:15.692907132Z psql:distributed-backend/src/trade-settlement/migrations/0001_settlement_schema.sql:1: NOTICE:  extension "pgcrypto" already exists, skipping
migrate-1            | 2026-06-30T14:20:15.698934062Z CREATE FUNCTION
migrate-1            | 2026-06-30T14:20:15.709792390Z CREATE FUNCTION
migrate-1            | 2026-06-30T14:20:15.711350202Z CREATE TABLE
migrate-1            | 2026-06-30T14:20:15.711379842Z psql:distributed-backend/src/trade-settlement/migrations/0001_settlement_schema.sql:76: NOTICE:  relation "capsuleer" already exists, skipping
migrate-1            | 2026-06-30T14:20:15.712048125Z CREATE TABLE
migrate-1            | 2026-06-30T14:20:15.712092417Z psql:distributed-backend/src/trade-settlement/migrations/0001_settlement_schema.sql:85: NOTICE:  relation "region" already exists, skipping
migrate-1            | 2026-06-30T14:20:15.712397231Z psql:distributed-backend/src/trade-settlement/migrations/0001_settlement_schema.sql:95: NOTICE:  relation "station" already exists, skipping
migrate-1            | 2026-06-30T14:20:15.712431623Z CREATE TABLE
migrate-1            | 2026-06-30T14:20:15.713086279Z CREATE TABLE
migrate-1            | 2026-06-30T14:20:15.713050545Z psql:distributed-backend/src/trade-settlement/migrations/0001_settlement_schema.sql:106: NOTICE:  relation "item_type" already exists, skipping
migrate-1            | 2026-06-30T14:20:15.713515994Z psql:distributed-backend/src/trade-settlement/migrations/0001_settlement_schema.sql:119: NOTICE:  relation "idempotency_record" already exists, skipping
migrate-1            | 2026-06-30T14:20:15.713515967Z CREATE TABLE
migrate-1            | 2026-06-30T14:20:15.714005488Z CREATE TABLE
migrate-1            | 2026-06-30T14:20:15.714039760Z psql:distributed-backend/src/trade-settlement/migrations/0001_settlement_schema.sql:132: NOTICE:  relation "request_attempt" already exists, skipping
migrate-1            | 2026-06-30T14:20:15.714519110Z psql:distributed-backend/src/trade-settlement/migrations/0001_settlement_schema.sql:146: NOTICE:  relation "settlement_batch" already exists, skipping
migrate-1            | 2026-06-30T14:20:15.714550608Z CREATE TABLE
migrate-1            | 2026-06-30T14:20:15.725117336Z ALTER TABLE
migrate-1            | 2026-06-30T14:20:15.733381182Z ALTER TABLE
migrate-1            | 2026-06-30T14:20:15.733922188Z CREATE TABLE
migrate-1            | 2026-06-30T14:20:15.733954926Z psql:distributed-backend/src/trade-settlement/migrations/0001_settlement_schema.sql:170: NOTICE:  relation "settlement_step" already exists, skipping
