trade-settlement-1   | 2026-06-30T14:17:44.129935495Z [2m2026-06-30T14:17:44[0m [31mERROR[0m [2mopentelemetry_sdk[0m[2m:[0m  [3mname[0m[2m=[0m"BatchSpanProcessor.ExportError" [3merror[0m[2m=[0m"Operation failed: reqwest::Error { kind: Request, url: \"http://otel-collector:4318/v1/traces\", source: hyper_util::client::legacy::Error(Connect, ConnectError(\"dns error\", Custom { kind: Uncategorized, error: \"failed to lookup address information: No address associated with hostname\" })) }"
market-1             | 2026-06-30T14:20:18.002077065Z {"timestamp":"2026-06-30T14:20:18.001724757Z","level":"INFO","msg":"OpenTelemetry SDK disabled","service.name":"market","service.version":"local","service.language":"go","observability.run_id":"local-unobserved"}
trade-settlement-1   | 2026-06-30T14:17:49.093349804Z [2m2026-06-30T14:17:49[0m [31mERROR[0m [2mopentelemetry_sdk[0m[2m:[0m  [3mname[0m[2m=[0m"BatchSpanProcessor.ExportError" [3merror[0m[2m=[0m"Operation failed: reqwest::Error { kind: Request, url: \"http://otel-collector:4318/v1/traces\", source: hyper_util::client::legacy::Error(Connect, ConnectError(\"dns error\", Custom { kind: Uncategorized, error: \"failed to lookup address information: Name or service not known\" })) }"
trade-settlement-1   | 2026-06-30T14:17:54.100828185Z [2m2026-06-30T14:17:54[0m [31mERROR[0m [2mopentelemetry_sdk[0m[2m:[0m  [3mname[0m[2m=[0m"BatchSpanProcessor.ExportError" [3merror[0m[2m=[0m"Operation failed: reqwest::Error { kind: Request, url: \"http://otel-collector:4318/v1/traces\", source: hyper_util::client::legacy::Error(Connect, ConnectError(\"dns error\", Custom { kind: Uncategorized, error: \"failed to lookup address information: Name or service not known\" })) }"
market-1             | 2026-06-30T14:20:18.039336458Z {"timestamp":"2026-06-30T14:20:18.039042455Z","level":"INFO","msg":"market service listening","service.name":"market","service.version":"local","service.language":"go","observability.run_id":"local-unobserved","addr":":8081","settlement_transport":"rabbitmq","trade_settlement_url":"http://trade-settlement:9092"}
trade-settlement-1   | 2026-06-30T14:17:59.109325303Z [2m2026-06-30T14:17:59[0m [31mERROR[0m [2mopentelemetry_sdk[0m[2m:[0m  [3mname[0m[2m=[0m"BatchSpanProcessor.ExportError" [3merror[0m[2m=[0m"Operation failed: reqwest::Error { kind: Request, url: \"http://otel-collector:4318/v1/traces\", source: hyper_util::client::legacy::Error(Connect, ConnectError(\"dns error\", Custom { kind: Uncategorized, error: \"failed to lookup address information: Name or service not known\" })) }"
trade-settlement-1   | 2026-06-30T14:18:04.126637668Z [2m2026-06-30T14:18:04[0m [31mERROR[0m [2mopentelemetry_sdk[0m[2m:[0m  [3mname[0m[2m=[0m"BatchSpanProcessor.ExportError" [3merror[0m[2m=[0m"Operation failed: reqwest::Error { kind: Request, url: \"http://otel-collector:4318/v1/traces\", source: hyper_util::client::legacy::Error(Connect, ConnectError(\"dns error\", Custom { kind: Uncategorized, error: \"failed to lookup address information: No address associated with hostname\" })) }"
trade-settlement-1   | 2026-06-30T14:18:09.088760719Z [2m2026-06-30T14:18:09[0m [31mERROR[0m [2mopentelemetry_sdk[0m[2m:[0m  [3mname[0m[2m=[0m"BatchSpanProcessor.ExportError" [3merror[0m[2m=[0m"Operation failed: reqwest::Error { kind: Request, url: \"http://otel-collector:4318/v1/traces\", source: hyper_util::client::legacy::Error(Connect, ConnectError(\"dns error\", Custom { kind: Uncategorized, error: \"failed to lookup address information: Name or service not known\" })) }"
settlement-worker-1  | 2026-06-30T14:18:54.966791574Z {"timestamp":"2026-06-30T14:18:54.966507972Z","level":"WARN","msg":"settlement command failed","service.name":"settlement-worker","service.version":"local","service.language":"go","observability.run_id":"local-unobserved","idempotency_key":"gui-demo-20260630141728-insufficient-isk-accept","error.message":"failed_precondition: wallet 00000000-0000-4000-8000-000000002002 has 999545, requested 1200000"}
postgres-1           | 2026-06-30T14:17:48.043311564Z 2026-06-30 14:17:48.042 UTC [63] LOG:  checkpoint starting: time
trade-settlement-1   | 2026-06-30T14:18:44.128232807Z [2m2026-06-30T14:18:44[0m [31mERROR[0m [2mopentelemetry_sdk[0m[2m:[0m  [3mname[0m[2m=[0m"BatchSpanProcessor.ExportError" [3merror[0m[2m=[0m"Operation failed: reqwest::Error { kind: Request, url: \"http://otel-collector:4318/v1/traces\", source: hyper_util::client::legacy::Error(Connect, ConnectError(\"dns error\", Custom { kind: Uncategorized, error: \"failed to lookup address information: No address associated with hostname\" })) }"
trade-settlement-1   | 2026-06-30T14:18:54.958211646Z [2m2026-06-30T14:18:54[0m [31mERROR[0m [1msettlement.receive_batch[0m:[1msettlement.execute_transaction[0m: [2mtrade_settlement::executor[0m[2m:[0m settlement step failed and business savepoint was rolled back [3msettlement_batch_id[0m[2m=[0mf34a777d-601c-4c51-bcb6-a84f7d768306 [3msettlement_step_id[0m[2m=[0m988849d3-0c49-42ea-b92b-11d65361ab09 [3mfailure_code[0m[2m=[0mINSUFFICIENT_FUNDS [3merror.message[0m[2m=[0minsufficient funds: wallet 00000000-0000-4000-8000-000000002002 has 999545, requested 1200000 [3mrollback.performed[0m[2m=[0mtrue [2m[3midempotency_key[0m[2m=[0mgui-demo-20260630141728-insufficient-isk-accept [3moperation_count[0m[2m=[0m4[0m [2m[3midempotency_key[0m[2m=[0mgui-demo-20260630141728-insufficient-isk-accept [3moperation_count[0m[2m=[0m4 [3msettlement_batch_id[0m[2m=[0m"f34a777d-601c-4c51-bcb6-a84f7d768306"[0m
trade-settlement-1   | 2026-06-30T14:18:59.110955703Z [2m2026-06-30T14:18:59[0m [31mERROR[0m [2mopentelemetry_sdk[0m[2m:[0m  [3mname[0m[2m=[0m"BatchSpanProcessor.ExportError" [3merror[0m[2m=[0m"Operation failed: reqwest::Error { kind: Request, url: \"http://otel-collector:4318/v1/traces\", source: hyper_util::client::legacy::Error(Connect, ConnectError(\"dns error\", Custom { kind: Uncategorized, error: \"failed to lookup address information: Name or service not known\" })) }"
trade-settlement-1   | 2026-06-30T14:18:59.126362825Z [2m2026-06-30T14:18:59[0m [31mERROR[0m [2mopentelemetry_sdk[0m[2m:[0m  [3mname[0m[2m=[0m"BatchLogProcessor.ExportError" [3merror[0m[2m=[0m"Operation failed: reqwest::Error { kind: Request, url: \"http://otel-collector:4318/v1/logs\", source: hyper_util::client::legacy::Error(Connect, ConnectError(\"dns error\", Custom { kind: Uncategorized, error: \"failed to lookup address information: Name or service not known\" })) }"
trade-settlement-1   | 2026-06-30T14:19:04.128236454Z [2m2026-06-30T14:19:04[0m [31mERROR[0m [2mopentelemetry_sdk[0m[2m:[0m  [3mname[0m[2m=[0m"BatchSpanProcessor.ExportError" [3merror[0m[2m=[0m"Operation failed: reqwest::Error { kind: Request, url: \"http://otel-collector:4318/v1/traces\", source: hyper_util::client::legacy::Error(Connect, ConnectError(\"dns error\", Custom { kind: Uncategorized, error: \"failed to lookup address information: No address associated with hostname\" })) }"
postgres-1           | 2026-06-30T14:18:03.636047243Z 2026-06-30 14:18:03.635 UTC [63] LOG:  checkpoint complete: wrote 159 buffers (1.0%); 0 WAL file(s) added, 0 removed, 0 recycled; write=15.553 s, sync=0.029 s, total=15.594 s; sync files=80, longest=0.003 s, average=0.001 s; distance=931 kB, estimate=1712 kB; lsn=0/1BEEBB8, redo lsn=0/1BC9CA8
trade-settlement-1   | 2026-06-30T14:19:09.107221394Z [2m2026-06-30T14:19:09[0m [31mERROR[0m [2mopentelemetry_sdk[0m[2m:[0m  [3mname[0m[2m=[0m"BatchSpanProcessor.ExportError" [3merror[0m[2m=[0m"Operation failed: reqwest::Error { kind: Request, url: \"http://otel-collector:4318/v1/traces\", source: hyper_util::client::legacy::Error(Connect, ConnectError(\"dns error\", Custom { kind: Uncategorized, error: \"failed to lookup address information: Name or service not known\" })) }"
trade-settlement-1   | 2026-06-30T14:19:14.121176733Z [2m2026-06-30T14:19:14[0m [31mERROR[0m [2mopentelemetry_sdk[0m[2m:[0m  [3mname[0m[2m=[0m"BatchSpanProcessor.ExportError" [3merror[0m[2m=[0m"Operation failed: reqwest::Error { kind: Request, url: \"http://otel-collector:4318/v1/traces\", source: hyper_util::client::legacy::Error(Connect, ConnectError(\"dns error\", Custom { kind: Uncategorized, error: \"failed to lookup address information: Name or service not known\" })) }"
settlement-worker-1  | 2026-06-30T14:19:51.284694476Z {"timestamp":"2026-06-30T14:19:51.284322395Z","level":"WARN","msg":"settlement command failed","service.name":"settlement-worker","service.version":"local","service.language":"go","observability.run_id":"local-unobserved","idempotency_key":"gui-demo-20260630141728-race-accept-b","error.message":"failed_precondition: trade_instance b948e25a-2fbb-47c3-969c-3873c6162e48 is not OPEN"}
rabbitmq-1           | 2026-06-30T14:19:54.617442274Z 2026-06-30 14:19:54.602887+00:00 [info] <0.1289.0> closing AMQP connection <0.1289.0> (172.19.0.6:37580 -> 172.19.0.3:5672, vhost: '/', user: 'eve_trade')[0m
simulator-1          | 2026-06-30T14:17:33.392626995Z [30/Jun/2026 14:17:33] "GET / HTTP/1.1" 200 12202
rabbitmq-1           | 2026-06-30T14:20:18.024048746Z 2026-06-30 14:20:18.023476+00:00 [info] <0.1553.0> accepting AMQP connection <0.1553.0> (172.19.0.6:47904 -> 172.19.0.3:5672)[0m
api-gateway-1        | 2026-06-30T14:17:37.573950571Z {"timestamp":"2026-06-30T14:17:37.573566895Z","level":"INFO","msg":"udp packet received","service.name":"api-gateway","service.version":"local","service.language":"go","observability.run_id":"local-unobserved","remote":"172.19.0.8","bytes":632}
migrate-1            | 2026-06-30T14:20:14.430918436Z  ?column?
migrate-1            | 2026-06-30T14:20:14.432979148Z ----------
migrate-1            | 2026-06-30T14:20:14.433000440Z         1
migrate-1            | 2026-06-30T14:20:14.433003054Z (1 row)
migrate-1            | 2026-06-30T14:20:14.433005288Z
migrate-1            | 2026-06-30T14:20:14.509346598Z psql:distributed-backend/src/trade-settlement/migrations/0001_settlement_schema.sql:1: NOTICE:  extension "pgcrypto" already exists, skipping
simulator-1          | 2026-06-30T14:17:34.977143347Z [30/Jun/2026 14:17:34] "GET / HTTP/1.1" 200 12202
postgres-1           | 2026-06-30T14:18:48.122709480Z 2026-06-30 14:18:48.122 UTC [3478] ERROR:  invalid input syntax for type uuid: ""
postgres-1           | 2026-06-30T14:18:48.122757726Z 2026-06-30 14:18:48.122 UTC [3478] CONTEXT:  unnamed portal parameter $1 = ''
migrate-1            | 2026-06-30T14:20:14.509410334Z CREATE EXTENSION
api-gateway-1        | 2026-06-30T14:17:37.646668872Z {"timestamp":"2026-06-30T14:17:37.646431949Z","level":"INFO","msg":"udp downstream call succeeded","service.name":"api-gateway","service.version":"local","service.language":"go","observability.run_id":"local-unobserved","remote":"172.19.0.8","interaction_id":"gui-demo-20260630141728-happy-issue","duration_ms":72}
api-gateway-1        | 2026-06-30T14:17:41.905985684Z {"timestamp":"2026-06-30T14:17:41.905694952Z","level":"INFO","msg":"udp packet received","service.name":"api-gateway","service.version":"local","service.language":"go","observability.run_id":"local-unobserved","remote":"172.19.0.8","bytes":675}
api-gateway-1        | 2026-06-30T14:17:41.940630202Z {"timestamp":"2026-06-30T14:17:41.940414272Z","level":"INFO","msg":"udp downstream call succeeded","service.name":"api-gateway","service.version":"local","service.language":"go","observability.run_id":"local-unobserved","remote":"172.19.0.8","interaction_id":"gui-demo-20260630141728-happy-accept","duration_ms":34}
api-gateway-1        | 2026-06-30T14:17:45.790915080Z {"timestamp":"2026-06-30T14:17:45.790508454Z","level":"INFO","msg":"udp packet received","service.name":"api-gateway","service.version":"local","service.language":"go","observability.run_id":"local-unobserved","remote":"172.19.0.8","bytes":636}
api-gateway-1        | 2026-06-30T14:17:45.815847274Z {"timestamp":"2026-06-30T14:17:45.815613357Z","level":"INFO","msg":"udp downstream call succeeded","service.name":"api-gateway","service.version":"local","service.language":"go","observability.run_id":"local-unobserved","remote":"172.19.0.8","interaction_id":"gui-demo-20260630141728-partial-issue","duration_ms":24}
simulator-1          | 2026-06-30T14:17:37.654354185Z [30/Jun/2026 14:17:37] "POST /api/gui/buttons/1/press/ HTTP/1.1" 202 1232
migrate-1            | 2026-06-30T14:20:14.533746195Z CREATE FUNCTION
migrate-1            | 2026-06-30T14:20:14.571238489Z CREATE FUNCTION
api-gateway-1        | 2026-06-30T14:17:48.276378393Z {"timestamp":"2026-06-30T14:17:48.276026842Z","level":"INFO","msg":"udp packet received","service.name":"api-gateway","service.version":"local","service.language":"go","observability.run_id":"local-unobserved","remote":"172.19.0.8","bytes":683}
api-gateway-1        | 2026-06-30T14:17:48.310825934Z {"timestamp":"2026-06-30T14:17:48.310492857Z","level":"INFO","msg":"udp downstream call succeeded","service.name":"api-gateway","service.version":"local","service.language":"go","observability.run_id":"local-unobserved","remote":"172.19.0.8","interaction_id":"gui-demo-20260630141728-partial-accept-4","duration_ms":33}
api-gateway-1        | 2026-06-30T14:17:51.103516852Z {"timestamp":"2026-06-30T14:17:51.103302667Z","level":"INFO","msg":"udp packet received","service.name":"api-gateway","service.version":"local","service.language":"go","observability.run_id":"local-unobserved","remote":"172.19.0.8","bytes":683}
rabbitmq-1           | 2026-06-30T14:20:18.027493428Z 2026-06-30 14:20:18.026973+00:00 [info] <0.1553.0> connection <0.1553.0> (172.19.0.6:47904 -> 172.19.0.3:5672): user 'eve_trade' authenticated and granted access to vhost '/'[0m
simulator-1          | 2026-06-30T14:17:41.950388132Z [30/Jun/2026 14:17:41] "POST /api/gui/buttons/2/press/ HTTP/1.1" 202 1328
simulator-1          | 2026-06-30T14:17:45.823814165Z [30/Jun/2026 14:17:45] "POST /api/gui/buttons/1/press/ HTTP/1.1" 202 1242
api-gateway-1        | 2026-06-30T14:17:51.134585901Z {"timestamp":"2026-06-30T14:17:51.134368202Z","level":"INFO","msg":"udp downstream call succeeded","service.name":"api-gateway","service.version":"local","service.language":"go","observability.run_id":"local-unobserved","remote":"172.19.0.8","interaction_id":"gui-demo-20260630141728-partial-accept-6","duration_ms":30}
migrate-1            | 2026-06-30T14:20:14.572206928Z CREATE TABLE
api-gateway-1        | 2026-06-30T14:17:53.957036808Z {"timestamp":"2026-06-30T14:17:53.9567595Z","level":"INFO","msg":"udp packet received","service.name":"api-gateway","service.version":"local","service.language":"go","observability.run_id":"local-unobserved","remote":"172.19.0.8","bytes":633}
api-gateway-1        | 2026-06-30T14:17:53.974906799Z {"timestamp":"2026-06-30T14:17:53.974570772Z","level":"INFO","msg":"udp downstream call succeeded","service.name":"api-gateway","service.version":"local","service.language":"go","observability.run_id":"local-unobserved","remote":"172.19.0.8","interaction_id":"gui-demo-20260630141728-cancel-issue","duration_ms":17}
api-gateway-1        | 2026-06-30T14:17:55.605061134Z {"timestamp":"2026-06-30T14:17:55.60480066Z","level":"INFO","msg":"udp packet received","service.name":"api-gateway","service.version":"local","service.language":"go","observability.run_id":"local-unobserved","remote":"172.19.0.8","bytes":512}
api-gateway-1        | 2026-06-30T14:17:55.625496152Z {"timestamp":"2026-06-30T14:17:55.625219447Z","level":"INFO","msg":"udp downstream call succeeded","service.name":"api-gateway","service.version":"local","service.language":"go","observability.run_id":"local-unobserved","remote":"172.19.0.8","interaction_id":"gui-demo-20260630141728-cancel-open","duration_ms":19}
migrate-1            | 2026-06-30T14:20:14.572655537Z psql:distributed-backend/src/trade-settlement/migrations/0001_settlement_schema.sql:76: NOTICE:  relation "capsuleer" already exists, skipping
simulator-1          | 2026-06-30T14:17:48.319140562Z [30/Jun/2026 14:17:48] "POST /api/gui/buttons/2/press/ HTTP/1.1" 202 1348
simulator-1          | 2026-06-30T14:17:51.144720884Z [30/Jun/2026 14:17:51] "POST /api/gui/buttons/2/press/ HTTP/1.1" 202 1348
simulator-1          | 2026-06-30T14:17:53.983218918Z [30/Jun/2026 14:17:53] "POST /api/gui/buttons/1/press/ HTTP/1.1" 202 1235
simulator-1          | 2026-06-30T14:17:55.634341520Z [30/Jun/2026 14:17:55] "POST /api/gui/buttons/3/press/ HTTP/1.1" 202 877
simulator-1          | 2026-06-30T14:17:58.753097494Z [30/Jun/2026 14:17:58] "POST /api/gui/buttons/1/press/ HTTP/1.1" 202 1275
simulator-1          | 2026-06-30T14:18:00.577491266Z [30/Jun/2026 14:18:00] "POST /api/gui/buttons/2/press/ HTTP/1.1" 202 1373
simulator-1          | 2026-06-30T14:18:02.246468148Z [30/Jun/2026 14:18:02] "POST /api/gui/buttons/3/press/ HTTP/1.1" 202 892
simulator-1          | 2026-06-30T14:18:06.097157290Z Bad Request: /api/gui/buttons/1/press/
simulator-1          | 2026-06-30T14:18:06.098101319Z [30/Jun/2026 14:18:06] "POST /api/gui/buttons/1/press/ HTTP/1.1" 400 1471
simulator-1          | 2026-06-30T14:18:08.174032768Z Bad Request: /api/gui/buttons/1/press/
simulator-1          | 2026-06-30T14:18:08.174392262Z [30/Jun/2026 14:18:08] "POST /api/gui/buttons/1/press/ HTTP/1.1" 400 1497
simulator-1          | 2026-06-30T14:18:10.532671104Z Bad Request: /api/gui/buttons/1/press/
simulator-1          | 2026-06-30T14:18:10.533232165Z [30/Jun/2026 14:18:10] "POST /api/gui/buttons/1/press/ HTTP/1.1" 400 1515
simulator-1          | 2026-06-30T14:18:12.685191549Z Bad Request: /api/gui/buttons/1/press/
postgres-1           | 2026-06-30T14:18:48.122762052Z 2026-06-30 14:18:48.122 UTC [3478] STATEMENT:
simulator-1          | 2026-06-30T14:18:12.686200663Z [30/Jun/2026 14:18:12] "POST /api/gui/buttons/1/press/ HTTP/1.1" 400 1471
postgres-1           | 2026-06-30T14:18:48.122764427Z 			SELECT wallet_id::text,
trade-settlement-1   | 2026-06-30T14:19:19.110296668Z [2m2026-06-30T14:19:19[0m [31mERROR[0m [2mopentelemetry_sdk[0m[2m:[0m  [3mname[0m[2m=[0m"BatchSpanProcessor.ExportError" [3merror[0m[2m=[0m"Operation failed: reqwest::Error { kind: Request, url: \"http://otel-collector:4318/v1/traces\", source: hyper_util::client::legacy::Error(Connect, ConnectError(\"dns error\", Custom { kind: Uncategorized, error: \"failed to lookup address information: Name or service not known\" })) }"
trade-settlement-1   | 2026-06-30T14:19:24.127268789Z [2m2026-06-30T14:19:24[0m [31mERROR[0m [2mopentelemetry_sdk[0m[2m:[0m  [3mname[0m[2m=[0m"BatchSpanProcessor.ExportError" [3merror[0m[2m=[0m"Operation failed: reqwest::Error { kind: Request, url: \"http://otel-collector:4318/v1/traces\", source: hyper_util::client::legacy::Error(Connect, ConnectError(\"dns error\", Custom { kind: Uncategorized, error: \"failed to lookup address information: No address associated with hostname\" })) }"
postgres-1           | 2026-06-30T14:18:48.122766849Z 			       capsuleer_id,
postgres-1           | 2026-06-30T14:18:48.122768864Z 			       isk_amount,
postgres-1           | 2026-06-30T14:18:48.122770867Z 			       wallet_state
postgres-1           | 2026-06-30T14:18:48.122772881Z 			FROM wallet
api-gateway-1        | 2026-06-30T14:17:58.722628192Z {"timestamp":"2026-06-30T14:17:58.72236205Z","level":"INFO","msg":"udp packet received","service.name":"api-gateway","service.version":"local","service.language":"go","observability.run_id":"local-unobserved","remote":"172.19.0.8","bytes":649}
migrate-1            | 2026-06-30T14:20:14.573643589Z CREATE TABLE
migrate-1            | 2026-06-30T14:20:14.573652868Z psql:distributed-backend/src/trade-settlement/migrations/0001_settlement_schema.sql:85: NOTICE:  relation "region" already exists, skipping
postgres-1           | 2026-06-30T14:18:48.122774929Z 			WHERE wallet_id = $1::uuid
trade-settlement-1   | 2026-06-30T14:19:29.114121081Z [2m2026-06-30T14:19:29[0m [31mERROR[0m [2mopentelemetry_sdk[0m[2m:[0m  [3mname[0m[2m=[0m"BatchSpanProcessor.ExportError" [3merror[0m[2m=[0m"Operation failed: reqwest::Error { kind: Request, url: \"http://otel-collector:4318/v1/traces\", source: hyper_util::client::legacy::Error(Connect, ConnectError(\"dns error\", Custom { kind: Uncategorized, error: \"failed to lookup address information: Name or service not known\" })) }"
api-gateway-1        | 2026-06-30T14:17:58.742180098Z {"timestamp":"2026-06-30T14:17:58.74192268Z","level":"INFO","msg":"udp downstream call succeeded","service.name":"api-gateway","service.version":"local","service.language":"go","observability.run_id":"local-unobserved","remote":"172.19.0.8","interaction_id":"gui-demo-20260630141728-partial-cancel-issue","duration_ms":19}
api-gateway-1        | 2026-06-30T14:18:00.543929099Z {"timestamp":"2026-06-30T14:18:00.543561861Z","level":"INFO","msg":"udp packet received","service.name":"api-gateway","service.version":"local","service.language":"go","observability.run_id":"local-unobserved","remote":"172.19.0.8","bytes":693}
simulator-1          | 2026-06-30T14:18:14.693001138Z Bad Request: /api/gui/buttons/1/press/
api-gateway-1        | 2026-06-30T14:18:00.569672925Z {"timestamp":"2026-06-30T14:18:00.569423031Z","level":"INFO","msg":"udp downstream call succeeded","service.name":"api-gateway","service.version":"local","service.language":"go","observability.run_id":"local-unobserved","remote":"172.19.0.8","interaction_id":"gui-demo-20260630141728-partial-cancel-accept","duration_ms":25}
api-gateway-1        | 2026-06-30T14:18:02.215796468Z {"timestamp":"2026-06-30T14:18:02.21549527Z","level":"INFO","msg":"udp packet received","service.name":"api-gateway","service.version":"local","service.language":"go","observability.run_id":"local-unobserved","remote":"172.19.0.8","bytes":518}
trade-settlement-1   | 2026-06-30T14:19:34.084160179Z [2m2026-06-30T14:19:34[0m [31mERROR[0m [2mopentelemetry_sdk[0m[2m:[0m  [3mname[0m[2m=[0m"BatchSpanProcessor.ExportError" [3merror[0m[2m=[0m"Operation failed: reqwest::Error { kind: Request, url: \"http://otel-collector:4318/v1/traces\", source: hyper_util::client::legacy::Error(Connect, ConnectError(\"dns error\", Custom { kind: Uncategorized, error: \"failed to lookup address information: Name or service not known\" })) }"
api-gateway-1        | 2026-06-30T14:18:02.234435046Z {"timestamp":"2026-06-30T14:18:02.234172357Z","level":"INFO","msg":"udp downstream call succeeded","service.name":"api-gateway","service.version":"local","service.language":"go","observability.run_id":"local-unobserved","remote":"172.19.0.8","interaction_id":"gui-demo-20260630141728-partial-cancel","duration_ms":17}
migrate-1            | 2026-06-30T14:20:14.573986049Z CREATE TABLE
api-gateway-1        | 2026-06-30T14:18:06.080991513Z {"timestamp":"2026-06-30T14:18:06.08066662Z","level":"INFO","msg":"udp packet received","service.name":"api-gateway","service.version":"local","service.language":"go","observability.run_id":"local-unobserved","remote":"172.19.0.8","bytes":663}
simulator-1          | 2026-06-30T14:18:14.693498073Z [30/Jun/2026 14:18:14] "POST /api/gui/buttons/1/press/ HTTP/1.1" 400 1497
simulator-1          | 2026-06-30T14:18:16.704625549Z Bad Request: /api/gui/buttons/1/press/
simulator-1          | 2026-06-30T14:18:16.705190380Z [30/Jun/2026 14:18:16] "POST /api/gui/buttons/1/press/ HTTP/1.1" 400 1477
api-gateway-1        | 2026-06-30T14:18:06.084893203Z {"timestamp":"2026-06-30T14:18:06.084635131Z","level":"WARN","msg":"udp downstream call failed","service.name":"api-gateway","service.version":"local","service.language":"go","observability.run_id":"local-unobserved","remote":"172.19.0.8","interaction_id":"gui-demo-20260630141728-invalid-issue-zero-quantity","code":"invalid_argument","duration_ms":3}
api-gateway-1        | 2026-06-30T14:18:08.155417538Z {"timestamp":"2026-06-30T14:18:08.155091938Z","level":"INFO","msg":"udp packet received","service.name":"api-gateway","service.version":"local","service.language":"go","observability.run_id":"local-unobserved","remote":"172.19.0.8","bytes":672}
api-gateway-1        | 2026-06-30T14:18:08.165792262Z {"timestamp":"2026-06-30T14:18:08.165493385Z","level":"WARN","msg":"udp downstream call failed","service.name":"api-gateway","service.version":"local","service.language":"go","observability.run_id":"local-unobserved","remote":"172.19.0.8","interaction_id":"gui-demo-20260630141728-invalid-issue-negative-quantity","code":"invalid_argument","duration_ms":10}
api-gateway-1        | 2026-06-30T14:18:10.519677489Z {"timestamp":"2026-06-30T14:18:10.519381369Z","level":"INFO","msg":"udp packet received","service.name":"api-gateway","service.version":"local","service.language":"go","observability.run_id":"local-unobserved","remote":"172.19.0.8","bytes":654}
simulator-1          | 2026-06-30T14:18:18.805844790Z Bad Request: /api/gui/buttons/1/press/
postgres-1           | 2026-06-30T14:18:48.122776995Z
simulator-1          | 2026-06-30T14:18:18.806329818Z [30/Jun/2026 14:18:18] "POST /api/gui/buttons/1/press/ HTTP/1.1" 400 1477
trade-settlement-1   | 2026-06-30T14:19:39.122030391Z [2m2026-06-30T14:19:39[0m [31mERROR[0m [2mopentelemetry_sdk[0m[2m:[0m  [3mname[0m[2m=[0m"BatchSpanProcessor.ExportError" [3merror[0m[2m=[0m"Operation failed: reqwest::Error { kind: Request, url: \"http://otel-collector:4318/v1/traces\", source: hyper_util::client::legacy::Error(Connect, ConnectError(\"dns error\", Custom { kind: Uncategorized, error: \"failed to lookup address information: Name or service not known\" })) }"
api-gateway-1        | 2026-06-30T14:18:10.522688097Z {"timestamp":"2026-06-30T14:18:10.522351107Z","level":"WARN","msg":"udp downstream call failed","service.name":"api-gateway","service.version":"local","service.language":"go","observability.run_id":"local-unobserved","remote":"172.19.0.8","interaction_id":"gui-demo-20260630141728-invalid-issue-too-many","code":"invalid_argument","duration_ms":2}
api-gateway-1        | 2026-06-30T14:18:12.669800046Z {"timestamp":"2026-06-30T14:18:12.669503526Z","level":"INFO","msg":"udp packet received","service.name":"api-gateway","service.version":"local","service.language":"go","observability.run_id":"local-unobserved","remote":"172.19.0.8","bytes":657}
api-gateway-1        | 2026-06-30T14:18:12.672683657Z {"timestamp":"2026-06-30T14:18:12.67229029Z","level":"WARN","msg":"udp downstream call failed","service.name":"api-gateway","service.version":"local","service.language":"go","observability.run_id":"local-unobserved","remote":"172.19.0.8","interaction_id":"gui-demo-20260630141728-invalid-issue-zero-price","code":"invalid_argument","duration_ms":2}
simulator-1          | 2026-06-30T14:18:20.956581098Z Bad Gateway: /api/gui/buttons/1/press/
simulator-1          | 2026-06-30T14:18:20.957070975Z [30/Jun/2026 14:18:20] "POST /api/gui/buttons/1/press/ HTTP/1.1" 502 1071
simulator-1          | 2026-06-30T14:18:23.010135322Z Bad Request: /api/gui/buttons/1/press/
simulator-1          | 2026-06-30T14:18:23.010383435Z [30/Jun/2026 14:18:23] "POST /api/gui/buttons/1/press/ HTTP/1.1" 400 1372
simulator-1          | 2026-06-30T14:18:25.107400852Z Bad Request: /api/gui/buttons/1/press/
migrate-1            | 2026-06-30T14:20:14.574000452Z psql:distributed-backend/src/trade-settlement/migrations/0001_settlement_schema.sql:95: NOTICE:  relation "station" already exists, skipping
api-gateway-1        | 2026-06-30T14:18:14.668306726Z {"timestamp":"2026-06-30T14:18:14.66789296Z","level":"INFO","msg":"udp packet received","service.name":"api-gateway","service.version":"local","service.language":"go","observability.run_id":"local-unobserved","remote":"172.19.0.8","bytes":666}
migrate-1            | 2026-06-30T14:20:14.574547675Z CREATE TABLE
migrate-1            | 2026-06-30T14:20:14.574565935Z psql:distributed-backend/src/trade-settlement/migrations/0001_settlement_schema.sql:106: NOTICE:  relation "item_type" already exists, skipping
migrate-1            | 2026-06-30T14:20:14.575114679Z CREATE TABLE
api-gateway-1        | 2026-06-30T14:18:14.673232749Z {"timestamp":"2026-06-30T14:18:14.67288375Z","level":"WARN","msg":"udp downstream call failed","service.name":"api-gateway","service.version":"local","service.language":"go","observability.run_id":"local-unobserved","remote":"172.19.0.8","interaction_id":"gui-demo-20260630141728-invalid-issue-negative-price","code":"invalid_argument","duration_ms":4}
api-gateway-1        | 2026-06-30T14:18:16.689921063Z {"timestamp":"2026-06-30T14:18:16.689640523Z","level":"INFO","msg":"udp packet received","service.name":"api-gateway","service.version":"local","service.language":"go","observability.run_id":"local-unobserved","remote":"172.19.0.8","bytes":665}
simulator-1          | 2026-06-30T14:18:25.107910743Z [30/Jun/2026 14:18:25] "POST /api/gui/buttons/1/press/ HTTP/1.1" 400 1731
api-gateway-1        | 2026-06-30T14:18:16.692539117Z {"timestamp":"2026-06-30T14:18:16.692310689Z","level":"WARN","msg":"udp downstream call failed","service.name":"api-gateway","service.version":"local","service.language":"go","observability.run_id":"local-unobserved","remote":"172.19.0.8","interaction_id":"gui-demo-20260630141728-invalid-issue-blank-quantity","code":"invalid_argument","duration_ms":2}
migrate-1            | 2026-06-30T14:20:14.575144496Z psql:distributed-backend/src/trade-settlement/migrations/0001_settlement_schema.sql:119: NOTICE:  relation "idempotency_record" already exists, skipping
migrate-1            | 2026-06-30T14:20:14.576833441Z CREATE TABLE
simulator-1          | 2026-06-30T14:18:27.206738048Z Bad Request: /api/gui/buttons/1/press/
simulator-1          | 2026-06-30T14:18:27.207306786Z [30/Jun/2026 14:18:27] "POST /api/gui/buttons/1/press/ HTTP/1.1" 400 1829
simulator-1          | 2026-06-30T14:18:29.197185673Z Bad Request: /api/gui/buttons/1/press/
migrate-1            | 2026-06-30T14:20:14.576904792Z psql:distributed-backend/src/trade-settlement/migrations/0001_settlement_schema.sql:132: NOTICE:  relation "request_attempt" already exists, skipping
api-gateway-1        | 2026-06-30T14:18:18.786257509Z {"timestamp":"2026-06-30T14:18:18.785396328Z","level":"INFO","msg":"udp packet received","service.name":"api-gateway","service.version":"local","service.language":"go","observability.run_id":"local-unobserved","remote":"172.19.0.8","bytes":659}
migrate-1            | 2026-06-30T14:20:14.577400249Z psql:distributed-backend/src/trade-settlement/migrations/0001_settlement_schema.sql:146: NOTICE:  relation "settlement_batch" already exists, skipping
migrate-1            | 2026-06-30T14:20:14.577430304Z CREATE TABLE
simulator-1          | 2026-06-30T14:18:29.197561680Z [30/Jun/2026 14:18:29] "POST /api/gui/buttons/1/press/ HTTP/1.1" 400 1829
migrate-1            | 2026-06-30T14:20:14.592050125Z ALTER TABLE
simulator-1          | 2026-06-30T14:18:31.214535144Z Bad Request: /api/gui/buttons/1/press/
migrate-1            | 2026-06-30T14:20:14.609262679Z ALTER TABLE
trade-settlement-1   | 2026-06-30T14:19:44.126087823Z [2m2026-06-30T14:19:44[0m [31mERROR[0m [2mopentelemetry_sdk[0m[2m:[0m  [3mname[0m[2m=[0m"BatchSpanProcessor.ExportError" [3merror[0m[2m=[0m"Operation failed: reqwest::Error { kind: Request, url: \"http://otel-collector:4318/v1/traces\", source: hyper_util::client::legacy::Error(Connect, ConnectError(\"dns error\", Custom { kind: Uncategorized, error: \"failed to lookup address information: No address associated with hostname\" })) }"
simulator-1          | 2026-06-30T14:18:31.215138245Z [30/Jun/2026 14:18:31] "POST /api/gui/buttons/1/press/ HTTP/1.1" 400 1507
migrate-1            | 2026-06-30T14:20:14.609958829Z psql:distributed-backend/src/trade-settlement/migrations/0001_settlement_schema.sql:170: NOTICE:  relation "settlement_step" already exists, skipping
api-gateway-1        | 2026-06-30T14:18:18.788487974Z {"timestamp":"2026-06-30T14:18:18.788152798Z","level":"WARN","msg":"udp downstream call failed","service.name":"api-gateway","service.version":"local","service.language":"go","observability.run_id":"local-unobserved","remote":"172.19.0.8","interaction_id":"gui-demo-20260630141728-invalid-issue-blank-price","code":"invalid_argument","duration_ms":2}
trade-settlement-1   | 2026-06-30T14:19:49.083761790Z [2m2026-06-30T14:19:49[0m [31mERROR[0m [2mopentelemetry_sdk[0m[2m:[0m  [3mname[0m[2m=[0m"BatchSpanProcessor.ExportError" [3merror[0m[2m=[0m"Operation failed: reqwest::Error { kind: Request, url: \"http://otel-collector:4318/v1/traces\", source: hyper_util::client::legacy::Error(Connect, ConnectError(\"dns error\", Custom { kind: Uncategorized, error: \"failed to lookup address information: Name or service not known\" })) }"
trade-settlement-1   | 2026-06-30T14:19:51.254811993Z [2m2026-06-30T14:19:51[0m [31mERROR[0m [1msettlement.receive_batch[0m:[1msettlement.execute_transaction[0m: [2mtrade_settlement::executor[0m[2m:[0m settlement step failed and business savepoint was rolled back [3msettlement_batch_id[0m[2m=[0ma98e97c3-3767-4560-a311-0b7e61968c3b [3msettlement_step_id[0m[2m=[0mf6e74d2a-eb5f-4ad9-bb74-54ce126a58fd [3mfailure_code[0m[2m=[0mFAILED_PRECONDITION [3merror.message[0m[2m=[0mfailed precondition: trade_instance b948e25a-2fbb-47c3-969c-3873c6162e48 is not OPEN [3mrollback.performed[0m[2m=[0mtrue [2m[3midempotency_key[0m[2m=[0mgui-demo-20260630141728-race-accept-b [3moperation_count[0m[2m=[0m4[0m [2m[3midempotency_key[0m[2m=[0mgui-demo-20260630141728-race-accept-b [3moperation_count[0m[2m=[0m4 [3msettlement_batch_id[0m[2m=[0m"a98e97c3-3767-4560-a311-0b7e61968c3b"[0m
migrate-1            | 2026-06-30T14:20:14.609966876Z CREATE TABLE
api-gateway-1        | 2026-06-30T14:18:23.001816622Z {"timestamp":"2026-06-30T14:18:23.001555618Z","level":"INFO","msg":"udp packet received","service.name":"api-gateway","service.version":"local","service.language":"go","observability.run_id":"local-unobserved","remote":"172.19.0.8","bytes":627}
simulator-1          | 2026-06-30T14:18:33.381623134Z Bad Request: /api/gui/buttons/1/press/
simulator-1          | 2026-06-30T14:18:33.382118057Z [30/Jun/2026 14:18:33] "POST /api/gui/buttons/1/press/ HTTP/1.1" 400 1540
simulator-1          | 2026-06-30T14:18:38.164036420Z [30/Jun/2026 14:18:38] "POST /api/gui/buttons/1/press/ HTTP/1.1" 202 1280
migrate-1            | 2026-06-30T14:20:14.610419662Z psql:distributed-backend/src/trade-settlement/migrations/0001_settlement_schema.sql:173: NOTICE:  column "step_output" of relation "settlement_step" already exists, skipping
migrate-1            | 2026-06-30T14:20:14.616680378Z ALTER TABLE
simulator-1          | 2026-06-30T14:18:39.779352813Z Bad Request: /api/gui/buttons/2/press/
migrate-1            | 2026-06-30T14:20:14.617879515Z psql:distributed-backend/src/trade-settlement/migrations/0001_settlement_schema.sql:186: NOTICE:  relation "wallet" already exists, skipping
migrate-1            | 2026-06-30T14:20:14.617930139Z CREATE TABLE
migrate-1            | 2026-06-30T14:20:14.618557820Z CREATE TABLE
migrate-1            | 2026-06-30T14:20:14.618584053Z psql:distributed-backend/src/trade-settlement/migrations/0001_settlement_schema.sql:200: NOTICE:  relation "item_stack" already exists, skipping
migrate-1            | 2026-06-30T14:20:14.626648376Z CREATE TABLE
api-gateway-1        | 2026-06-30T14:18:23.003750425Z {"timestamp":"2026-06-30T14:18:23.003554891Z","level":"WARN","msg":"udp downstream call failed","service.name":"api-gateway","service.version":"local","service.language":"go","observability.run_id":"local-unobserved","remote":"172.19.0.8","interaction_id":"gui-demo-20260630141728-invalid-issue-missing-stack","code":"invalid_argument","duration_ms":1}
migrate-1            | 2026-06-30T14:20:14.626669609Z psql:distributed-backend/src/trade-settlement/migrations/0001_settlement_schema.sql:216: NOTICE:  relation "trade_instance" already exists, skipping
api-gateway-1        | 2026-06-30T14:18:25.095767378Z {"timestamp":"2026-06-30T14:18:25.095525634Z","level":"INFO","msg":"udp packet received","service.name":"api-gateway","service.version":"local","service.language":"go","observability.run_id":"local-unobserved","remote":"172.19.0.8","bytes":670}
migrate-1            | 2026-06-30T14:20:14.628676749Z CREATE TABLE
api-gateway-1        | 2026-06-30T14:18:25.097629678Z {"timestamp":"2026-06-30T14:18:25.097408887Z","level":"WARN","msg":"udp downstream call failed","service.name":"api-gateway","service.version":"local","service.language":"go","observability.run_id":"local-unobserved","remote":"172.19.0.8","interaction_id":"gui-demo-20260630141728-invalid-issue-nonnumeric","code":"invalid_argument","duration_ms":1}
migrate-1            | 2026-06-30T14:20:14.628725963Z psql:distributed-backend/src/trade-settlement/migrations/0001_settlement_schema.sql:230: NOTICE:  relation "wallet_escrow" already exists, skipping
trade-settlement-1   | 2026-06-30T14:19:54.111644543Z [2m2026-06-30T14:19:54[0m [31mERROR[0m [2mopentelemetry_sdk[0m[2m:[0m  [3mname[0m[2m=[0m"BatchSpanProcessor.ExportError" [3merror[0m[2m=[0m"Operation failed: reqwest::Error { kind: Request, url: \"http://otel-collector:4318/v1/traces\", source: hyper_util::client::legacy::Error(Connect, ConnectError(\"dns error\", Custom { kind: Uncategorized, error: \"failed to lookup address information: Name or service not known\" })) }"
trade-settlement-1   | 2026-06-30T14:19:56.092392460Z [2m2026-06-30T14:19:56[0m [31mERROR[0m [2mopentelemetry_sdk[0m[2m:[0m  [3mname[0m[2m=[0m"BatchLogProcessor.ExportError" [3merror[0m[2m=[0m"Operation failed: reqwest::Error { kind: Request, url: \"http://otel-collector:4318/v1/logs\", source: hyper_util::client::legacy::Error(Connect, ConnectError(\"dns error\", Custom { kind: Uncategorized, error: \"failed to lookup address information: Name or service not known\" })) }"
trade-settlement-1   | 2026-06-30T14:19:59.098682574Z [2m2026-06-30T14:19:59[0m [31mERROR[0m [2mopentelemetry_sdk[0m[2m:[0m  [3mname[0m[2m=[0m"BatchSpanProcessor.ExportError" [3merror[0m[2m=[0m"Operation failed: reqwest::Error { kind: Request, url: \"http://otel-collector:4318/v1/traces\", source: hyper_util::client::legacy::Error(Connect, ConnectError(\"dns error\", Custom { kind: Uncategorized, error: \"failed to lookup address information: Name or service not known\" })) }"
simulator-1          | 2026-06-30T14:18:39.779719192Z [30/Jun/2026 14:18:39] "POST /api/gui/buttons/2/press/ HTTP/1.1" 400 1536
trade-settlement-1   | 2026-06-30T14:20:29.127349420Z [2m2026-06-30T14:20:29[0m [31mERROR[0m [2mopentelemetry_sdk[0m[2m:[0m  [3mname[0m[2m=[0m"BatchSpanProcessor.ExportError" [3merror[0m[2m=[0m"Operation failed: reqwest::Error { kind: Request, url: \"http://otel-collector:4318/v1/traces\", source: hyper_util::client::legacy::Error(Connect, ConnectError(\"dns error\", Custom { kind: Uncategorized, error: \"failed to lookup address information: No address associated with hostname\" })) }"
simulator-1          | 2026-06-30T14:18:41.411829690Z Bad Request: /api/gui/buttons/2/press/
trade-settlement-1   | 2026-06-30T14:20:34.093634726Z [2m2026-06-30T14:20:34[0m [31mERROR[0m [2mopentelemetry_sdk[0m[2m:[0m  [3mname[0m[2m=[0m"BatchSpanProcessor.ExportError" [3merror[0m[2m=[0m"Operation failed: reqwest::Error { kind: Request, url: \"http://otel-collector:4318/v1/traces\", source: hyper_util::client::legacy::Error(Connect, ConnectError(\"dns error\", Custom { kind: Uncategorized, error: \"failed to lookup address information: Name or service not known\" })) }"
simulator-1          | 2026-06-30T14:18:41.412216096Z [30/Jun/2026 14:18:41] "POST /api/gui/buttons/2/press/ HTTP/1.1" 400 1562
migrate-1            | 2026-06-30T14:20:14.629683611Z psql:distributed-backend/src/trade-settlement/migrations/0001_settlement_schema.sql:246: NOTICE:  relation "item_stack_escrow" already exists, skipping
simulator-1          | 2026-06-30T14:18:43.047852123Z Conflict: /api/gui/buttons/2/press/
migrate-1            | 2026-06-30T14:20:14.629721633Z CREATE TABLE
migrate-1            | 2026-06-30T14:20:14.630480581Z psql:distributed-backend/src/trade-settlement/migrations/0001_settlement_schema.sql:268: NOTICE:  relation "wallet_ledger" already exists, skipping
migrate-1            | 2026-06-30T14:20:14.630623868Z CREATE TABLE
migrate-1            | 2026-06-30T14:20:14.633174424Z CREATE TABLE
migrate-1            | 2026-06-30T14:20:14.633175632Z psql:distributed-backend/src/trade-settlement/migrations/0001_settlement_schema.sql:302: NOTICE:  relation "item_stack_ledger" already exists, skipping
api-gateway-1        | 2026-06-30T14:18:27.198707617Z {"timestamp":"2026-06-30T14:18:27.198406139Z","level":"INFO","msg":"udp packet received","service.name":"api-gateway","service.version":"local","service.language":"go","observability.run_id":"local-unobserved","remote":"172.19.0.8","bytes":683}
api-gateway-1        | 2026-06-30T14:18:27.199773156Z {"timestamp":"2026-06-30T14:18:27.199618845Z","level":"WARN","msg":"udp downstream call failed","service.name":"api-gateway","service.version":"local","service.language":"go","observability.run_id":"local-unobserved","remote":"172.19.0.8","interaction_id":"gui-demo-20260630141728-invalid-issue-huge-quantity","code":"invalid_argument","duration_ms":0}
api-gateway-1        | 2026-06-30T14:18:29.188031804Z {"timestamp":"2026-06-30T14:18:29.187693051Z","level":"INFO","msg":"udp packet received","service.name":"api-gateway","service.version":"local","service.language":"go","observability.run_id":"local-unobserved","remote":"172.19.0.8","bytes":677}
simulator-1          | 2026-06-30T14:18:43.048356409Z [30/Jun/2026 14:18:43] "POST /api/gui/buttons/2/press/ HTTP/1.1" 409 1662
migrate-1            | 2026-06-30T14:20:14.639343770Z CREATE FUNCTION
api-gateway-1        | 2026-06-30T14:18:29.189415139Z {"timestamp":"2026-06-30T14:18:29.189233232Z","level":"WARN","msg":"udp downstream call failed","service.name":"api-gateway","service.version":"local","service.language":"go","observability.run_id":"local-unobserved","remote":"172.19.0.8","interaction_id":"gui-demo-20260630141728-invalid-issue-huge-price","code":"invalid_argument","duration_ms":1}
migrate-1            | 2026-06-30T14:20:14.649207664Z ALTER TABLE
api-gateway-1        | 2026-06-30T14:18:31.196843370Z {"timestamp":"2026-06-30T14:18:31.196680186Z","level":"INFO","msg":"udp packet received","service.name":"api-gateway","service.version":"local","service.language":"go","observability.run_id":"local-unobserved","remote":"172.19.0.8","bytes":658}
api-gateway-1        | 2026-06-30T14:18:31.199907434Z {"timestamp":"2026-06-30T14:18:31.199639259Z","level":"WARN","msg":"udp downstream call failed","service.name":"api-gateway","service.version":"local","service.language":"go","observability.run_id":"local-unobserved","remote":"172.19.0.8","interaction_id":"gui-demo-20260630141728-invalid-issue-wrong-owner","code":"invalid_argument","duration_ms":2}
simulator-1          | 2026-06-30T14:18:44.811696024Z Bad Request: /api/gui/buttons/2/press/
api-gateway-1        | 2026-06-30T14:18:33.369229004Z {"timestamp":"2026-06-30T14:18:33.368949184Z","level":"INFO","msg":"udp packet received","service.name":"api-gateway","service.version":"local","service.language":"go","observability.run_id":"local-unobserved","remote":"172.19.0.8","bytes":663}
api-gateway-1        | 2026-06-30T14:18:33.371488141Z {"timestamp":"2026-06-30T14:18:33.3712874Z","level":"WARN","msg":"udp downstream call failed","service.name":"api-gateway","service.version":"local","service.language":"go","observability.run_id":"local-unobserved","remote":"172.19.0.8","interaction_id":"gui-demo-20260630141728-invalid-issue-wrong-station","code":"invalid_argument","duration_ms":2}
migrate-1            | 2026-06-30T14:20:14.659654667Z ALTER TABLE
api-gateway-1        | 2026-06-30T14:18:38.135319738Z {"timestamp":"2026-06-30T14:18:38.134954459Z","level":"INFO","msg":"udp packet received","service.name":"api-gateway","service.version":"local","service.language":"go","observability.run_id":"local-unobserved","remote":"172.19.0.8","bytes":651}
migrate-1            | 2026-06-30T14:20:14.669891911Z ALTER TABLE
api-gateway-1        | 2026-06-30T14:18:38.156593025Z {"timestamp":"2026-06-30T14:18:38.156348137Z","level":"INFO","msg":"udp downstream call succeeded","service.name":"api-gateway","service.version":"local","service.language":"go","observability.run_id":"local-unobserved","remote":"172.19.0.8","interaction_id":"gui-demo-20260630141728-invalid-accept-target","duration_ms":20}
migrate-1            | 2026-06-30T14:20:14.676711423Z ALTER TABLE
simulator-1          | 2026-06-30T14:18:44.812024391Z [30/Jun/2026 14:18:44] "POST /api/gui/buttons/2/press/ HTTP/1.1" 400 1488
simulator-1          | 2026-06-30T14:18:46.468856481Z Conflict: /api/gui/buttons/2/press/
simulator-1          | 2026-06-30T14:18:46.469476317Z [30/Jun/2026 14:18:46] "POST /api/gui/buttons/2/press/ HTTP/1.1" 409 1653
migrate-1            | 2026-06-30T14:20:14.687860254Z ALTER TABLE
simulator-1          | 2026-06-30T14:18:48.130640637Z Conflict: /api/gui/buttons/2/press/
migrate-1            | 2026-06-30T14:20:14.695088826Z ALTER TABLE
migrate-1            | 2026-06-30T14:20:14.704971810Z CREATE FUNCTION
migrate-1            | 2026-06-30T14:20:14.715967558Z CREATE FUNCTION
migrate-1            | 2026-06-30T14:20:14.723369296Z CREATE FUNCTION
migrate-1            | 2026-06-30T14:20:14.729410878Z DROP TRIGGER
migrate-1            | 2026-06-30T14:20:14.739653671Z CREATE TRIGGER
migrate-1            | 2026-06-30T14:20:14.750922570Z DROP TRIGGER
migrate-1            | 2026-06-30T14:20:14.757092595Z CREATE TRIGGER
migrate-1            | 2026-06-30T14:20:14.764770370Z DROP TRIGGER
migrate-1            | 2026-06-30T14:20:14.770858340Z CREATE TRIGGER
simulator-1          | 2026-06-30T14:18:48.130958661Z [30/Jun/2026 14:18:48] "POST /api/gui/buttons/2/press/ HTTP/1.1" 409 1641
migrate-1            | 2026-06-30T14:20:14.774184411Z CREATE TABLE
simulator-1          | 2026-06-30T14:18:49.854668636Z Bad Request: /api/gui/buttons/2/press/
simulator-1          | 2026-06-30T14:18:49.855069657Z [30/Jun/2026 14:18:49] "POST /api/gui/buttons/2/press/ HTTP/1.1" 400 1850
simulator-1          | 2026-06-30T14:18:51.698605618Z Bad Request: /api/gui/buttons/2/press/
migrate-1            | 2026-06-30T14:20:14.774535538Z psql:distributed-backend/src/trade-settlement/migrations/0001_settlement_schema.sql:529: NOTICE:  relation "trade_state_change" already exists, skipping
simulator-1          | 2026-06-30T14:18:51.699116291Z [30/Jun/2026 14:18:51] "POST /api/gui/buttons/2/press/ HTTP/1.1" 400 1895
simulator-1          | 2026-06-30T14:18:53.519696986Z [30/Jun/2026 14:18:53] "POST /api/gui/buttons/1/press/ HTTP/1.1" 202 1296
simulator-1          | 2026-06-30T14:18:55.007777323Z Conflict: /api/gui/buttons/2/press/
simulator-1          | 2026-06-30T14:18:55.008065599Z [30/Jun/2026 14:18:55] "POST /api/gui/buttons/2/press/ HTTP/1.1" 409 1726
simulator-1          | 2026-06-30T14:18:56.862947379Z [30/Jun/2026 14:18:56] "POST /api/gui/buttons/3/press/ HTTP/1.1" 202 943
migrate-1            | 2026-06-30T14:20:14.774837382Z CREATE INDEX
simulator-1          | 2026-06-30T14:18:58.277391460Z [30/Jun/2026 14:18:58] "POST /api/gui/buttons/1/press/ HTTP/1.1" 202 1286
migrate-1            | 2026-06-30T14:20:14.774857905Z psql:distributed-backend/src/trade-settlement/migrations/0001_settlement_schema.sql:531: NOTICE:  relation "settlement_batch_idempotency_key_idx" already exists, skipping
simulator-1          | 2026-06-30T14:18:59.754110417Z [30/Jun/2026 14:18:59] "POST /api/gui/buttons/3/press/ HTTP/1.1" 202 938
simulator-1          | 2026-06-30T14:19:01.149279448Z Conflict: /api/gui/buttons/2/press/
migrate-1            | 2026-06-30T14:20:14.775264305Z CREATE INDEX
api-gateway-1        | 2026-06-30T14:18:39.765316790Z {"timestamp":"2026-06-30T14:18:39.765050996Z","level":"INFO","msg":"udp packet received","service.name":"api-gateway","service.version":"local","service.language":"go","observability.run_id":"local-unobserved","remote":"172.19.0.8","bytes":689}
migrate-1            | 2026-06-30T14:20:14.775267564Z psql:distributed-backend/src/trade-settlement/migrations/0001_settlement_schema.sql:532: NOTICE:  relation "settlement_step_batch_idx" already exists, skipping
migrate-1            | 2026-06-30T14:20:14.776393608Z CREATE INDEX
migrate-1            | 2026-06-30T14:20:14.776441499Z psql:distributed-backend/src/trade-settlement/migrations/0001_settlement_schema.sql:533: NOTICE:  relation "wallet_capsuleer_idx" already exists, skipping
simulator-1          | 2026-06-30T14:19:01.149852522Z [30/Jun/2026 14:19:01] "POST /api/gui/buttons/2/press/ HTTP/1.1" 409 1456
simulator-1          | 2026-06-30T14:19:02.475806812Z Conflict: /api/gui/buttons/3/press/
migrate-1            | 2026-06-30T14:20:14.776769326Z CREATE INDEX
simulator-1          | 2026-06-30T14:19:02.476369139Z [30/Jun/2026 14:19:02] "POST /api/gui/buttons/3/press/ HTTP/1.1" 409 1189
simulator-1          | 2026-06-30T14:19:03.862476032Z [30/Jun/2026 14:19:03] "POST /api/gui/buttons/1/press/ HTTP/1.1" 202 1286
simulator-1          | 2026-06-30T14:19:05.349259765Z [30/Jun/2026 14:19:05] "POST /api/gui/buttons/2/press/ HTTP/1.1" 202 1384
simulator-1          | 2026-06-30T14:19:06.761972033Z Conflict: /api/gui/buttons/2/press/
