trade-settlement-1  | 2026-06-27T16:16:45.736409445Z [2m2026-06-27T16:16:45[0m [31mERROR[0m [1msettlement.receive_batch[0m:[1msettlement.execute_transaction[0m: [2mtrade_settlement::executor[0m[2m:[0m settlement step failed and business savepoint was rolled back [3msettlement_batch_id[0m[2m=[0m4a2e4a7a-850c-46c4-aff9-492bca846855 [3msettlement_step_id[0m[2m=[0mfae5142f-5480-4b90-8d13-45ba7becd626 [3mfailure_code[0m[2m=[0mINSUFFICIENT_FUNDS [3merror.message[0m[2m=[0minsufficient funds: wallet 43ccd28a-7eb3-41b9-9c1b-d77c9379a462 has 50, requested 100 [3mrollback.performed[0m[2m=[0mtrue [2m[3midempotency_key[0m[2m=[0maccept-failed-error-code-def5d861-ade4-4a3d-a343-be8edc3a40e8 [3moperation_count[0m[2m=[0m4[0m [2m[3midempotency_key[0m[2m=[0maccept-failed-error-code-def5d861-ade4-4a3d-a343-be8edc3a40e8 [3moperation_count[0m[2m=[0m4 [3msettlement_batch_id[0m[2m=[0m"4a2e4a7a-850c-46c4-aff9-492bca846855"[0m
simulator-1         | 2026-06-27T16:16:53.605694700Z [27/Jun/2026 16:16:53] "GET /api/gui/buttons/ HTTP/1.1" 200 2786
trade-settlement-1  | 2026-06-27T16:16:46.456496256Z [2m2026-06-27T16:16:46[0m [31mERROR[0m [1msettlement.receive_batch[0m:[1msettlement.execute_transaction[0m: [2mtrade_settlement::executor[0m[2m:[0m settlement step failed and business savepoint was rolled back [3msettlement_batch_id[0m[2m=[0mb732e796-a477-4f41-b63a-299a8359ea3c [3msettlement_step_id[0m[2m=[0m3fff9664-8c5c-4bda-8445-d49d1c8c7b7e [3mfailure_code[0m[2m=[0mFAILED_PRECONDITION [3merror.message[0m[2m=[0mfailed precondition: wallet payment 175 buys quantity 7, but trade_instance 0fbb3748-71dd-4ecb-8563-a5d30953b735 has remaining quantity 3 [3mrollback.performed[0m[2m=[0mtrue [2m[3midempotency_key[0m[2m=[0maccept-concurrent-e9cc90b4-9176-4149-9565-8e765bb50bba [3moperation_count[0m[2m=[0m4[0m [2m[3midempotency_key[0m[2m=[0maccept-concurrent-e9cc90b4-9176-4149-9565-8e765bb50bba [3moperation_count[0m[2m=[0m4 [3msettlement_batch_id[0m[2m=[0m"b732e796-a477-4f41-b63a-299a8359ea3c"[0m
trade-settlement-1  | 2026-06-27T16:16:46.717618456Z [2m2026-06-27T16:16:46[0m [31mERROR[0m [1msettlement.receive_batch[0m:[1msettlement.execute_transaction[0m: [2mtrade_settlement::executor[0m[2m:[0m settlement step failed and business savepoint was rolled back [3msettlement_batch_id[0m[2m=[0m294f1458-975f-4c60-9fef-e15d8a8d8213 [3msettlement_step_id[0m[2m=[0md5acf3e3-24c7-479c-b1c4-fee43a3e8a8b [3mfailure_code[0m[2m=[0mINSUFFICIENT_FUNDS [3merror.message[0m[2m=[0minsufficient funds: wallet 7db5ec30-8f5b-477b-8296-b715f55a9973 has 20, requested 50 [3mrollback.performed[0m[2m=[0mtrue [2m[3midempotency_key[0m[2m=[0maccept-wallet-concurrent-b72a5459-c114-497d-b21a-1c54cd453f72 [3moperation_count[0m[2m=[0m4[0m [2m[3midempotency_key[0m[2m=[0maccept-wallet-concurrent-b72a5459-c114-497d-b21a-1c54cd453f72 [3moperation_count[0m[2m=[0m4 [3msettlement_batch_id[0m[2m=[0m"294f1458-975f-4c60-9fef-e15d8a8d8213"[0m
trade-settlement-1  | 2026-06-27T16:16:52.463485484Z [2m2026-06-27T16:16:52[0m [31mERROR[0m [1msettlement.receive_batch[0m:[1msettlement.execute_transaction[0m: [2mtrade_settlement::executor[0m[2m:[0m settlement step failed and business savepoint was rolled back [3msettlement_batch_id[0m[2m=[0m0b1a86ed-b6e0-4232-a669-68c9bbc3abb2 [3msettlement_step_id[0m[2m=[0m2f82f76f-a99e-4e35-971d-31bcf463583a [3mfailure_code[0m[2m=[0mINSUFFICIENT_FUNDS [3merror.message[0m[2m=[0minsufficient funds: wallet 74506ac0-2f84-4afe-aa65-26c11c5066a5 has 50, requested 100 [3mrollback.performed[0m[2m=[0mtrue [2m[3midempotency_key[0m[2m=[0maccept-01841604-9934-4f98-a13c-8ee48eee8ad8 [3moperation_count[0m[2m=[0m5[0m [2m[3midempotency_key[0m[2m=[0maccept-01841604-9934-4f98-a13c-8ee48eee8ad8 [3moperation_count[0m[2m=[0m5 [3msettlement_batch_id[0m[2m=[0m"0b1a86ed-b6e0-4232-a669-68c9bbc3abb2"[0m
trade-settlement-1  | 2026-06-27T16:16:56.270542900Z [2m2026-06-27T16:16:56[0m [31mERROR[0m [1msettlement.receive_batch[0m:[1msettlement.execute_transaction[0m: [2mtrade_settlement::executor[0m[2m:[0m settlement step failed and business savepoint was rolled back [3msettlement_batch_id[0m[2m=[0m997970d9-07bc-4ac7-985e-df8affde4e96 [3msettlement_step_id[0m[2m=[0ma28ace03-21fe-42dd-a5d8-2f52419e364e [3mfailure_code[0m[2m=[0mINSUFFICIENT_FUNDS [3merror.message[0m[2m=[0minsufficient funds: wallet fa3e3295-da2e-4277-988f-5921bb82fe0d has 50, requested 100 [3mrollback.performed[0m[2m=[0mtrue [2m[3midempotency_key[0m[2m=[0maccept-4ad43aa3-ac9b-4aec-a441-ac54497f46cf [3moperation_count[0m[2m=[0m5[0m [2m[3midempotency_key[0m[2m=[0maccept-4ad43aa3-ac9b-4aec-a441-ac54497f46cf [3moperation_count[0m[2m=[0m5 [3msettlement_batch_id[0m[2m=[0m"997970d9-07bc-4ac7-985e-df8affde4e96"[0m
api-gateway-1       | 2026-06-27T16:16:30.691900634Z {"timestamp":"2026-06-27T16:16:30.691731906Z","level":"INFO","msg":"udp packet received","service.name":"api-gateway","service.version":"local","service.language":"go","observability.run_id":"local-20260627T161230Z-9e14916a-cc3bea","remote":"172.20.0.9","bytes":582}
trade-settlement-1  | 2026-06-27T16:16:56.870207648Z [2m2026-06-27T16:16:56[0m [31mERROR[0m [1msettlement.receive_batch[0m:[1msettlement.execute_transaction[0m: [2mtrade_settlement::executor[0m[2m:[0m settlement step failed and business savepoint was rolled back [3msettlement_batch_id[0m[2m=[0m9da4afe9-465b-4570-9726-cc15baa4938b [3msettlement_step_id[0m[2m=[0m4fbed15a-c07c-4cf5-9677-19cf1aad4297 [3mfailure_code[0m[2m=[0mFAILED_PRECONDITION [3merror.message[0m[2m=[0mfailed precondition: cannot complete trade_instance d2111ff2-586a-48c1-8d25-271c0bc8dd9c while remaining item escrow quantity is 4 [3mrollback.performed[0m[2m=[0mtrue [2m[3midempotency_key[0m[2m=[0msettlement-complete-positive-escrow-a5439a21-2fbe-4385-bab3-c354955fbed7 [3moperation_count[0m[2m=[0m1[0m [2m[3midempotency_key[0m[2m=[0msettlement-complete-positive-escrow-a5439a21-2fbe-4385-bab3-c354955fbed7 [3moperation_count[0m[2m=[0m1 [3msettlement_batch_id[0m[2m=[0m"9da4afe9-465b-4570-9726-cc15baa4938b"[0m
api-gateway-1       | 2026-06-27T16:16:30.694142330Z {"timestamp":"2026-06-27T16:16:30.693950029Z","level":"WARN","msg":"udp downstream call failed","service.name":"api-gateway","service.version":"local","service.language":"go","observability.run_id":"local-20260627T161230Z-9e14916a-cc3bea","remote":"172.20.0.9","interaction_id":"issue-fd1b1823-5441-4ee3-ac96-1ec9e060813c","code":"invalid_argument","duration_ms":2}
simulator-1         | 2026-06-27T16:16:53.634748482Z [27/Jun/2026 16:16:53] "POST /api/gui/buttons/1/press/ HTTP/1.1" 202 1212
api-gateway-1       | 2026-06-27T16:16:30.893146037Z {"timestamp":"2026-06-27T16:16:30.892916086Z","level":"INFO","msg":"udp packet received","service.name":"api-gateway","service.version":"local","service.language":"go","observability.run_id":"local-20260627T161230Z-9e14916a-cc3bea","remote":"172.20.0.9","bytes":580}
api-gateway-1       | 2026-06-27T16:16:30.895220959Z {"timestamp":"2026-06-27T16:16:30.894953998Z","level":"WARN","msg":"udp downstream call failed","service.name":"api-gateway","service.version":"local","service.language":"go","observability.run_id":"local-20260627T161230Z-9e14916a-cc3bea","remote":"172.20.0.9","interaction_id":"issue-81346805-3437-446b-b0a1-5f4f33fff05a","code":"invalid_argument","duration_ms":1}
api-gateway-1       | 2026-06-27T16:16:31.095251500Z {"timestamp":"2026-06-27T16:16:31.094999221Z","level":"INFO","msg":"udp packet received","service.name":"api-gateway","service.version":"local","service.language":"go","observability.run_id":"local-20260627T161230Z-9e14916a-cc3bea","remote":"172.20.0.9","bytes":581}
trade-settlement-1  | 2026-06-27T16:16:57.052675555Z [2m2026-06-27T16:16:57[0m [31mERROR[0m [1msettlement.receive_batch[0m:[1msettlement.execute_transaction[0m: [2mtrade_settlement::executor[0m[2m:[0m settlement step failed and business savepoint was rolled back [3msettlement_batch_id[0m[2m=[0md4437fc4-e16e-46b7-b87f-c4fdea13d2c7 [3msettlement_step_id[0m[2m=[0m6d73c0bd-a0b9-432f-a017-7fc9ce330746 [3mfailure_code[0m[2m=[0mINSUFFICIENT_QUANTITY [3merror.message[0m[2m=[0minsufficient quantity: item_stack_escrow 4dc44ae4-c41d-45e0-831c-ecc774c911d9 has 4, requested 5 [3mrollback.performed[0m[2m=[0mtrue [2m[3midempotency_key[0m[2m=[0msettlement-accept-98570e6e-c1ca-41af-8f04-78c18742b2f1 [3moperation_count[0m[2m=[0m3[0m [2m[3midempotency_key[0m[2m=[0msettlement-accept-98570e6e-c1ca-41af-8f04-78c18742b2f1 [3moperation_count[0m[2m=[0m3 [3msettlement_batch_id[0m[2m=[0m"d4437fc4-e16e-46b7-b87f-c4fdea13d2c7"[0m
trade-settlement-1  | 2026-06-27T16:16:57.263455778Z [2m2026-06-27T16:16:57[0m [31mERROR[0m [1msettlement.receive_batch[0m:[1msettlement.execute_transaction[0m: [2mtrade_settlement::executor[0m[2m:[0m settlement step failed and business savepoint was rolled back [3msettlement_batch_id[0m[2m=[0m35f3e60d-a126-4ad2-9a2c-41e5aaf6572f [3msettlement_step_id[0m[2m=[0m6314be3a-16d5-4b06-abea-6d9490919c9d [3mfailure_code[0m[2m=[0mFAILED_PRECONDITION [3merror.message[0m[2m=[0mfailed precondition: trade_instance 356e6fe1-8894-44be-a9c1-9632a1f7d848 is not OPEN [3mrollback.performed[0m[2m=[0mtrue [2m[3midempotency_key[0m[2m=[0msettlement-accept-4927791b-f6cd-449e-8718-b0154c43d72d [3moperation_count[0m[2m=[0m3[0m [2m[3midempotency_key[0m[2m=[0msettlement-accept-4927791b-f6cd-449e-8718-b0154c43d72d [3moperation_count[0m[2m=[0m3 [3msettlement_batch_id[0m[2m=[0m"35f3e60d-a126-4ad2-9a2c-41e5aaf6572f"[0m
trade-settlement-1  | 2026-06-27T16:16:57.483710432Z [2m2026-06-27T16:16:57[0m [31mERROR[0m [1msettlement.receive_batch[0m:[1msettlement.execute_transaction[0m: [2mtrade_settlement::executor[0m[2m:[0m settlement step failed and business savepoint was rolled back [3msettlement_batch_id[0m[2m=[0m17ddec29-4360-4f7b-98f8-296d6b98b6bb [3msettlement_step_id[0m[2m=[0m28bda7ba-e774-46f0-ab20-126ec6e31314 [3mfailure_code[0m[2m=[0mFAILED_PRECONDITION [3merror.message[0m[2m=[0mfailed precondition: wallet payment 1 does not match trade price 25 [3mrollback.performed[0m[2m=[0mtrue [2m[3midempotency_key[0m[2m=[0msettlement-accept-382621a7-497d-4bd8-baf2-0ce88133718d [3moperation_count[0m[2m=[0m3[0m [2m[3midempotency_key[0m[2m=[0msettlement-accept-382621a7-497d-4bd8-baf2-0ce88133718d [3moperation_count[0m[2m=[0m3 [3msettlement_batch_id[0m[2m=[0m"17ddec29-4360-4f7b-98f8-296d6b98b6bb"[0m
trade-settlement-1  | 2026-06-27T16:16:57.666786410Z [2m2026-06-27T16:16:57[0m [31mERROR[0m [1msettlement.receive_batch[0m:[1msettlement.execute_transaction[0m: [2mtrade_settlement::executor[0m[2m:[0m settlement step failed and business savepoint was rolled back [3msettlement_batch_id[0m[2m=[0m409839b6-2131-4c23-bd02-0e1aa7e289b6 [3msettlement_step_id[0m[2m=[0m3773a452-6100-493d-aebf-5c83a0ca5901 [3mfailure_code[0m[2m=[0mFAILED_PRECONDITION [3merror.message[0m[2m=[0mfailed precondition: wallet payment 125 buys quantity 5, but trade_instance ed4c92fe-37ff-4a4a-b1e9-7da063a51735 has remaining quantity 4 [3mrollback.performed[0m[2m=[0mtrue [2m[3midempotency_key[0m[2m=[0msettlement-accept-01eaf6f7-c97f-4d03-bbb3-fe6ad32a5a72 [3moperation_count[0m[2m=[0m3[0m [2m[3midempotency_key[0m[2m=[0msettlement-accept-01eaf6f7-c97f-4d03-bbb3-fe6ad32a5a72 [3moperation_count[0m[2m=[0m3 [3msettlement_batch_id[0m[2m=[0m"409839b6-2131-4c23-bd02-0e1aa7e289b6"[0m
api-gateway-1       | 2026-06-27T16:16:31.097239358Z {"timestamp":"2026-06-27T16:16:31.09708463Z","level":"WARN","msg":"udp downstream call failed","service.name":"api-gateway","service.version":"local","service.language":"go","observability.run_id":"local-20260627T161230Z-9e14916a-cc3bea","remote":"172.20.0.9","interaction_id":"issue-9d9bc7e1-bef9-4816-a49a-a43761e118aa","code":"invalid_argument","duration_ms":1}
simulator-1         | 2026-06-27T16:16:53.647941050Z [27/Jun/2026 16:16:53] "POST /api/gui/buttons/3/press/ HTTP/1.1" 202 817
api-gateway-1       | 2026-06-27T16:16:31.305669371Z {"timestamp":"2026-06-27T16:16:31.305375797Z","level":"INFO","msg":"udp packet received","service.name":"api-gateway","service.version":"local","service.language":"go","observability.run_id":"local-20260627T161230Z-9e14916a-cc3bea","remote":"172.20.0.9","bytes":581}
simulator-1         | 2026-06-27T16:16:53.842161634Z [27/Jun/2026 16:16:53] "GET /api/gui/buttons/ HTTP/1.1" 200 2786
simulator-1         | 2026-06-27T16:16:53.862599972Z [27/Jun/2026 16:16:53] "POST /api/gui/buttons/1/press/ HTTP/1.1" 202 1039
simulator-1         | 2026-06-27T16:16:54.047515974Z [27/Jun/2026 16:16:54] "GET /api/gui/buttons/ HTTP/1.1" 200 2786
simulator-1         | 2026-06-27T16:16:54.117529412Z [27/Jun/2026 16:16:54] "POST /api/gui/buttons/1/press/ HTTP/1.1" 202 1212
api-gateway-1       | 2026-06-27T16:16:31.308008055Z {"timestamp":"2026-06-27T16:16:31.307852877Z","level":"WARN","msg":"udp downstream call failed","service.name":"api-gateway","service.version":"local","service.language":"go","observability.run_id":"local-20260627T161230Z-9e14916a-cc3bea","remote":"172.20.0.9","interaction_id":"issue-ea0e7c98-385b-4d3d-a27c-f7a3c546793c","code":"invalid_argument","duration_ms":2}
api-gateway-1        | 2026-06-27T16:16:31.509966628Z {"timestamp":"2026-06-27T16:16:31.509762406Z","level":"INFO","msg":"udp packet received","service.name":"api-gateway","service.version":"local","service.language":"go","observability.run_id":"local-20260627T161230Z-9e14916a-cc3bea","remote":"172.20.0.9","bytes":581}
api-gateway-1        | 2026-06-27T16:16:31.512237776Z {"timestamp":"2026-06-27T16:16:31.512095872Z","level":"WARN","msg":"udp downstream call failed","service.name":"api-gateway","service.version":"local","service.language":"go","observability.run_id":"local-20260627T161230Z-9e14916a-cc3bea","remote":"172.20.0.9","interaction_id":"issue-7188d6a4-afab-4cff-abde-81f217509485","code":"invalid_argument","duration_ms":2}
api-gateway-1        | 2026-06-27T16:16:31.700486036Z {"timestamp":"2026-06-27T16:16:31.700305631Z","level":"INFO","msg":"udp packet received","service.name":"api-gateway","service.version":"local","service.language":"go","observability.run_id":"local-20260627T161230Z-9e14916a-cc3bea","remote":"172.20.0.9","bytes":581}
postgres-1          | 2026-06-27T16:04:00.869868971Z The files belonging to this database system will be owned by user "postgres".
postgres-1           | 2026-06-27T16:04:00.869917823Z This user must also own the server process.
settlement-worker-1  | 2026-06-27T16:16:01.474966615Z {"timestamp":"2026-06-27T16:16:01.474632183Z","level":"ERROR","msg":"failed to initialize OpenTelemetry resource","service.name":"settlement-worker","service.version":"local","service.language":"go","observability.run_id":"local-20260627T161230Z-9e14916a-cc3bea","error.message":"error detecting resource: user: Current requires cgo or $USER set in environment"}
postgres-1           | 2026-06-27T16:04:00.869921273Z 
migrate-1            | 2026-06-27T16:04:05.553040368Z  ?column? 
migrate-1            | 2026-06-27T16:04:05.553084462Z ----------
postgres-1           | 2026-06-27T16:04:00.871658348Z The database cluster will be initialized with locale "en_US.utf8".
settlement-worker-1  | 2026-06-27T16:16:01.476372282Z {"timestamp":"2026-06-27T16:16:01.476165838Z","level":"INFO","msg":"settlement-worker started","service.name":"settlement-worker","service.version":"local","service.language":"go","observability.run_id":"local-20260627T161230Z-9e14916a-cc3bea","trade_settlement_url":"http://trade-settlement:9092","rabbitmq_exchange":"eve.trade.settlement","rabbitmq_queue":"eve.trade.settlement.commands"}
api-gateway-1        | 2026-06-27T16:16:31.717790315Z {"timestamp":"2026-06-27T16:16:31.717565459Z","level":"INFO","msg":"udp downstream call succeeded","service.name":"api-gateway","service.version":"local","service.language":"go","observability.run_id":"local-20260627T161230Z-9e14916a-cc3bea","remote":"172.20.0.9","interaction_id":"issue-82c23492-6663-4154-a496-c6b93ef54fa2","duration_ms":17}
rabbitmq-1          | 2026-06-27T16:04:01.538537177Z =INFO REPORT==== 27-Jun-2026::16:04:01.522318 ===
settlement-worker-1  | 2026-06-27T16:16:01.476746469Z {"timestamp":"2026-06-27T16:16:01.476226336Z","level":"INFO","msg":"settlement-worker health server listening","service.name":"settlement-worker","service.version":"local","service.language":"go","observability.run_id":"local-20260627T161230Z-9e14916a-cc3bea","addr":":8082"}
settlement-worker-1  | 2026-06-27T16:16:01.610151003Z {"timestamp":"2026-06-27T16:16:01.609968119Z","level":"INFO","msg":"settlement worker consuming rabbitmq commands","service.name":"settlement-worker","service.version":"local","service.language":"go","observability.run_id":"local-20260627T161230Z-9e14916a-cc3bea","queue":"eve.trade.settlement.commands","prefetch":8}
migrate-1            | 2026-06-27T16:04:05.553087793Z         1
settlement-worker-1  | 2026-06-27T16:16:36.287221556Z {"timestamp":"2026-06-27T16:16:36.286958432Z","level":"WARN","msg":"settlement command failed","service.name":"settlement-worker","service.version":"local","service.language":"go","observability.run_id":"local-20260627T161230Z-9e14916a-cc3bea","idempotency_key":"accept-722182fe-85c1-480b-896e-7eb66ede848b","error.message":"failed_precondition: wallet 534b31e2-a5af-47e0-9897-296d12277e0d has 50, requested 100"}
migrate-1            | 2026-06-27T16:04:05.553090033Z (1 row)
settlement-worker-1  | 2026-06-27T16:16:43.675534024Z {"timestamp":"2026-06-27T16:16:43.675320383Z","level":"WARN","msg":"settlement command failed","service.name":"settlement-worker","service.version":"local","service.language":"go","observability.run_id":"local-20260627T161230Z-9e14916a-cc3bea","idempotency_key":"accept-9a1dbbf2-0312-42a6-b76c-39baafae99c1","error.message":"failed_precondition: wallet ce134ec6-1876-49ec-94f7-32ef33dfde7a has 50, requested 100"}
postgres-1           | 2026-06-27T16:04:00.871677265Z The default database encoding has accordingly been set to "UTF8".
settlement-worker-1  | 2026-06-27T16:16:43.939231705Z {"timestamp":"2026-06-27T16:16:43.939004648Z","level":"WARN","msg":"settlement command failed","service.name":"settlement-worker","service.version":"local","service.language":"go","observability.run_id":"local-20260627T161230Z-9e14916a-cc3bea","idempotency_key":"accept-99e226f4-b6fc-41a3-8284-012bab11eeb0","error.message":"failed_precondition: wallet 185c56f6-c628-4c35-b6c7-e2691fb782ae has 50, requested 100"}
settlement-worker-1  | 2026-06-27T16:16:44.184880267Z {"timestamp":"2026-06-27T16:16:44.184717136Z","level":"WARN","msg":"settlement command failed","service.name":"settlement-worker","service.version":"local","service.language":"go","observability.run_id":"local-20260627T161230Z-9e14916a-cc3bea","idempotency_key":"accept-9bafb945-5161-4d20-87cc-82669ef4d9cf","error.message":"failed_precondition: wallet 84faba4b-66fd-454f-a522-471ab26166fa has 50, requested 100"}
migrate-1            | 2026-06-27T16:04:05.553092182Z 
settlement-worker-1  | 2026-06-27T16:16:44.432761201Z {"timestamp":"2026-06-27T16:16:44.432436507Z","level":"WARN","msg":"settlement command failed","service.name":"settlement-worker","service.version":"local","service.language":"go","observability.run_id":"local-20260627T161230Z-9e14916a-cc3bea","idempotency_key":"accept-61ac1912-6217-4e79-bfd4-8b00470f290e","error.message":"failed_precondition: wallet 8ac38bd5-cd23-4218-9c77-89a93c496f74 has 50, requested 100"}
settlement-worker-1  | 2026-06-27T16:16:44.737998000Z {"timestamp":"2026-06-27T16:16:44.737746751Z","level":"WARN","msg":"settlement command failed","service.name":"settlement-worker","service.version":"local","service.language":"go","observability.run_id":"local-20260627T161230Z-9e14916a-cc3bea","idempotency_key":"accept-e664685c-9729-42b3-b279-1a0f937db071","error.message":"failed_precondition: wallet 9018c6ce-542c-4326-897f-931f3459bac9 has 50, requested 100"}
settlement-worker-1  | 2026-06-27T16:16:45.044353434Z {"timestamp":"2026-06-27T16:16:45.044182228Z","level":"WARN","msg":"settlement command failed","service.name":"settlement-worker","service.version":"local","service.language":"go","observability.run_id":"local-20260627T161230Z-9e14916a-cc3bea","idempotency_key":"accept-25898b2e-6a99-49dd-877e-b8683890e96e","error.message":"failed_precondition: wallet 5055af6d-bbe4-4929-b929-e8d11ff431c3 has 50, requested 100"}
settlement-worker-1  | 2026-06-27T16:16:45.312100677Z {"timestamp":"2026-06-27T16:16:45.311929367Z","level":"WARN","msg":"settlement command failed","service.name":"settlement-worker","service.version":"local","service.language":"go","observability.run_id":"local-20260627T161230Z-9e14916a-cc3bea","idempotency_key":"accept-failed-diagnostics-6ef6b30b-200f-4234-9f5b-9a4af47a98b9","error.message":"failed_precondition: wallet 6c8d0fa5-5502-48de-acbc-9b6381239214 has 50, requested 100"}
rabbitmq-1           | 2026-06-27T16:04:01.538575226Z     alarm_handler: {set,{system_memory_high_watermark,[]}}
api-gateway-1        | 2026-06-27T16:16:31.875745166Z {"timestamp":"2026-06-27T16:16:31.875558798Z","level":"INFO","msg":"udp packet received","service.name":"api-gateway","service.version":"local","service.language":"go","observability.run_id":"local-20260627T161230Z-9e14916a-cc3bea","remote":"172.20.0.9","bytes":581}
postgres-1           | 2026-06-27T16:04:00.871680250Z The default text search configuration will be set to "english".
postgres-1           | 2026-06-27T16:04:00.871682610Z 
postgres-1           | 2026-06-27T16:04:00.871684652Z Data page checksums are disabled.
postgres-1           | 2026-06-27T16:04:00.871686600Z 
postgres-1           | 2026-06-27T16:04:00.871688472Z fixing permissions on existing directory /var/lib/postgresql/data ... ok
postgres-1           | 2026-06-27T16:04:00.877741559Z creating subdirectories ... ok
settlement-worker-1  | 2026-06-27T16:16:45.529198756Z {"timestamp":"2026-06-27T16:16:45.528830758Z","level":"WARN","msg":"settlement command failed","service.name":"settlement-worker","service.version":"local","service.language":"go","observability.run_id":"local-20260627T161230Z-9e14916a-cc3bea","idempotency_key":"accept-failed-step-55004c7b-d374-4b93-9f3e-94054a2bd4fc","error.message":"failed_precondition: wallet dc3bd4b8-7141-43f2-bd2e-8a93817c832f has 50, requested 100"}
settlement-worker-1  | 2026-06-27T16:16:45.738743384Z {"timestamp":"2026-06-27T16:16:45.738502324Z","level":"WARN","msg":"settlement command failed","service.name":"settlement-worker","service.version":"local","service.language":"go","observability.run_id":"local-20260627T161230Z-9e14916a-cc3bea","idempotency_key":"accept-failed-error-code-def5d861-ade4-4a3d-a343-be8edc3a40e8","error.message":"failed_precondition: wallet 43ccd28a-7eb3-41b9-9c1b-d77c9379a462 has 50, requested 100"}
api-gateway-1        | 2026-06-27T16:16:31.895344539Z {"timestamp":"2026-06-27T16:16:31.895116041Z","level":"INFO","msg":"udp downstream call succeeded","service.name":"api-gateway","service.version":"local","service.language":"go","observability.run_id":"local-20260627T161230Z-9e14916a-cc3bea","remote":"172.20.0.9","interaction_id":"issue-72d41f6e-febc-4333-a890-131eb58be85c","duration_ms":19}
api-gateway-1        | 2026-06-27T16:16:31.915134665Z {"timestamp":"2026-06-27T16:16:31.91487908Z","level":"INFO","msg":"udp packet received","service.name":"api-gateway","service.version":"local","service.language":"go","observability.run_id":"local-20260627T161230Z-9e14916a-cc3bea","remote":"172.20.0.9","bytes":587}
api-gateway-1        | 2026-06-27T16:16:31.991467303Z {"timestamp":"2026-06-27T16:16:31.991257278Z","level":"INFO","msg":"udp downstream call succeeded","service.name":"api-gateway","service.version":"local","service.language":"go","observability.run_id":"local-20260627T161230Z-9e14916a-cc3bea","remote":"172.20.0.9","interaction_id":"accept-4e87f10b-2fd9-4b3f-81c0-286b894ced40","duration_ms":76}
api-gateway-1        | 2026-06-27T16:16:32.151931115Z {"timestamp":"2026-06-27T16:16:32.151736892Z","level":"INFO","msg":"udp packet received","service.name":"api-gateway","service.version":"local","service.language":"go","observability.run_id":"local-20260627T161230Z-9e14916a-cc3bea","remote":"172.20.0.9","bytes":581}
simulator-1         | 2026-06-27T16:16:54.256114231Z [27/Jun/2026 16:16:54] "GET /api/gui/buttons/ HTTP/1.1" 200 2786
simulator-1          | 2026-06-27T16:16:54.284879606Z [27/Jun/2026 16:16:54] "POST /api/gui/buttons/1/press/ HTTP/1.1" 202 1214
simulator-1          | 2026-06-27T16:16:54.370802781Z [27/Jun/2026 16:16:54] "POST /api/gui/buttons/2/press/ HTTP/1.1" 202 1233
simulator-1          | 2026-06-27T16:16:54.540708171Z [27/Jun/2026 16:16:54] "GET /api/gui/buttons/ HTTP/1.1" 200 2786
simulator-1          | 2026-06-27T16:16:54.576125811Z [27/Jun/2026 16:16:54] "POST /api/gui/buttons/1/press/ HTTP/1.1" 202 1212
simulator-1          | 2026-06-27T16:16:54.662517391Z [27/Jun/2026 16:16:54] "POST /api/gui/buttons/2/press/ HTTP/1.1" 202 1233
migrate-1            | 2026-06-27T16:04:05.613276688Z DROP SCHEMA
settlement-worker-1  | 2026-06-27T16:16:46.461088200Z {"timestamp":"2026-06-27T16:16:46.460890431Z","level":"WARN","msg":"settlement command failed","service.name":"settlement-worker","service.version":"local","service.language":"go","observability.run_id":"local-20260627T161230Z-9e14916a-cc3bea","idempotency_key":"accept-concurrent-e9cc90b4-9176-4149-9565-8e765bb50bba","error.message":"failed_precondition: wallet payment 175 buys quantity 7, but trade_instance 0fbb3748-71dd-4ecb-8563-a5d30953b735 has remaining quantity 3"}
migrate-1            | 2026-06-27T16:04:05.613297592Z CREATE SCHEMA
simulator-1          | 2026-06-27T16:16:54.791913201Z [27/Jun/2026 16:16:54] "GET /api/gui/buttons/ HTTP/1.1" 200 2786
simulator-1          | 2026-06-27T16:16:54.822516326Z [27/Jun/2026 16:16:54] "POST /api/gui/buttons/1/press/ HTTP/1.1" 202 1212
simulator-1          | 2026-06-27T16:16:54.898284503Z [27/Jun/2026 16:16:54] "POST /api/gui/buttons/3/press/ HTTP/1.1" 202 859
simulator-1          | 2026-06-27T16:16:55.096167023Z [27/Jun/2026 16:16:55] "GET /api/gui/buttons/ HTTP/1.1" 200 2786
simulator-1          | 2026-06-27T16:16:55.135647195Z [27/Jun/2026 16:16:55] "POST /api/gui/buttons/1/press/ HTTP/1.1" 202 1268
simulator-1          | 2026-06-27T16:16:55.154652084Z [27/Jun/2026 16:16:55] "POST /api/gui/buttons/1/press/ HTTP/1.1" 202 1034
simulator-1          | 2026-06-27T16:16:55.346680243Z [27/Jun/2026 16:16:55] "GET /api/gui/buttons/ HTTP/1.1" 200 2786
simulator-1          | 2026-06-27T16:16:55.377595429Z [27/Jun/2026 16:16:55] "POST /api/gui/buttons/1/press/ HTTP/1.1" 202 1212
api-gateway-1        | 2026-06-27T16:16:32.171912388Z {"timestamp":"2026-06-27T16:16:32.171622988Z","level":"INFO","msg":"udp downstream call succeeded","service.name":"api-gateway","service.version":"local","service.language":"go","observability.run_id":"local-20260627T161230Z-9e14916a-cc3bea","remote":"172.20.0.9","interaction_id":"issue-4e213180-28a4-4cf6-b60e-e2c04cd43275","duration_ms":19}
settlement-worker-1  | 2026-06-27T16:16:46.762355495Z {"timestamp":"2026-06-27T16:16:46.762151839Z","level":"WARN","msg":"settlement command failed","service.name":"settlement-worker","service.version":"local","service.language":"go","observability.run_id":"local-20260627T161230Z-9e14916a-cc3bea","idempotency_key":"accept-wallet-concurrent-b72a5459-c114-497d-b21a-1c54cd453f72","error.message":"failed_precondition: wallet 7db5ec30-8f5b-477b-8296-b715f55a9973 has 20, requested 50"}
api-gateway-1        | 2026-06-27T16:16:32.187763358Z {"timestamp":"2026-06-27T16:16:32.187565721Z","level":"INFO","msg":"udp packet received","service.name":"api-gateway","service.version":"local","service.language":"go","observability.run_id":"local-20260627T161230Z-9e14916a-cc3bea","remote":"172.20.0.9","bytes":587}
trade-settlement-1  | 2026-06-27T16:16:57.914430654Z [2m2026-06-27T16:16:57[0m [31mERROR[0m [1msettlement.receive_batch[0m:[1msettlement.execute_transaction[0m: [2mtrade_settlement::executor[0m[2m:[0m settlement step failed and business savepoint was rolled back [3msettlement_batch_id[0m[2m=[0mf764bcfc-70c5-4480-8964-2100f0cdbb9b [3msettlement_step_id[0m[2m=[0m6032647b-ab03-49a2-8ef1-4695ac761fc2 [3mfailure_code[0m[2m=[0mFAILED_PRECONDITION [3merror.message[0m[2m=[0mfailed precondition: cannot complete trade_instance 3eda5b72-2673-4954-ae16-074e595b398d while active wallet escrow amount is 100 [3mrollback.performed[0m[2m=[0mtrue [2m[3midempotency_key[0m[2m=[0msettlement-complete-wallet-escrow-784769f1-1b99-4756-9a38-670e2ee04b07 [3moperation_count[0m[2m=[0m3[0m [2m[3midempotency_key[0m[2m=[0msettlement-complete-wallet-escrow-784769f1-1b99-4756-9a38-670e2ee04b07 [3moperation_count[0m[2m=[0m3 [3msettlement_batch_id[0m[2m=[0m"f764bcfc-70c5-4480-8964-2100f0cdbb9b"[0m
simulator-1          | 2026-06-27T16:16:55.414038516Z [27/Jun/2026 16:16:55] "POST /api/gui/buttons/2/press/ HTTP/1.1" 202 1289
simulator-1          | 2026-06-27T16:16:55.435357625Z [27/Jun/2026 16:16:55] "POST /api/gui/buttons/2/press/ HTTP/1.1" 202 1044
simulator-1          | 2026-06-27T16:16:55.623412161Z [27/Jun/2026 16:16:55] "GET /api/gui/buttons/ HTTP/1.1" 200 2786
simulator-1          | 2026-06-27T16:16:55.636358269Z [27/Jun/2026 16:16:55] "GET /api/gui/buttons/ HTTP/1.1" 200 2786
simulator-1          | 2026-06-27T16:16:55.667045729Z [27/Jun/2026 16:16:55] "POST /api/gui/buttons/1/press/ HTTP/1.1" 202 1212
simulator-1          | 2026-06-27T16:16:55.746823288Z [27/Jun/2026 16:16:55] "POST /api/gui/buttons/3/press/ HTTP/1.1" 202 915
simulator-1          | 2026-06-27T16:16:55.804321439Z [27/Jun/2026 16:16:55] "POST /api/gui/buttons/3/press/ HTTP/1.1" 202 801
simulator-1          | 2026-06-27T16:16:56.002433501Z [27/Jun/2026 16:16:56] "GET /api/gui/buttons/ HTTP/1.1" 200 2786
simulator-1          | 2026-06-27T16:16:56.021896489Z [27/Jun/2026 16:16:56] "POST /api/gui/buttons/1/press/ HTTP/1.1" 202 1039
simulator-1          | 2026-06-27T16:16:56.214975466Z [27/Jun/2026 16:16:56] "GET /api/gui/buttons/ HTTP/1.1" 200 2786
simulator-1          | 2026-06-27T16:16:56.248333142Z [27/Jun/2026 16:16:56] "POST /api/gui/buttons/1/press/ HTTP/1.1" 202 1212
simulator-1          | 2026-06-27T16:16:56.280704368Z [27/Jun/2026 16:16:56] "POST /api/gui/buttons/2/press/ HTTP/1.1" 202 1107
simulator-1          | 2026-06-27T16:16:56.463512630Z [27/Jun/2026 16:16:56] "GET /api/gui/buttons/ HTTP/1.1" 200 2786
rabbitmq-1           | 2026-06-27T16:04:08.213837303Z 2026-06-27 16:04:08.200944+00:00 [notice] <0.44.0> Application syslog exited with reason: stopped
rabbitmq-1           | 2026-06-27T16:04:08.213998728Z 2026-06-27 16:04:08.213340+00:00 [notice] <0.254.0> Logging: switching to configured handler(s); following messages may not be visible in this log output
rabbitmq-1           | 2026-06-27T16:04:08.217548859Z [38;5;87m2026-06-27 16:04:08.217033+00:00 [notice] <0.254.0> Logging: configured log handlers are now ACTIVE[0m
rabbitmq-1           | 2026-06-27T16:04:08.246057489Z 2026-06-27 16:04:08.245600+00:00 [info] <0.254.0> ra: starting system quorum_queues[0m
rabbitmq-1           | 2026-06-27T16:04:08.246152348Z 2026-06-27 16:04:08.245832+00:00 [info] <0.254.0> starting Ra system: quorum_queues in directory: /var/lib/rabbitmq/mnesia/rabbit@cbed70e1a17b/quorum/rabbit@cbed70e1a17b[0m
rabbitmq-1           | 2026-06-27T16:04:08.414711813Z 2026-06-27 16:04:08.414026+00:00 [info] <0.270.0> ra system 'quorum_queues' running pre init for 0 registered servers[0m
rabbitmq-1           | 2026-06-27T16:04:08.440041466Z 2026-06-27 16:04:08.439156+00:00 [info] <0.271.0> ra: meta data store initialised for system quorum_queues. 0 record(s) recovered[0m
rabbitmq-1           | 2026-06-27T16:04:08.468902427Z [38;5;87m2026-06-27 16:04:08.468456+00:00 [notice] <0.276.0> WAL: ra_log_wal init, open tbls: ra_log_open_mem_tables, closed tbls: ra_log_closed_mem_tables[0m
rabbitmq-1           | 2026-06-27T16:04:08.513150113Z 2026-06-27 16:04:08.512577+00:00 [info] <0.254.0> ra: starting system coordination[0m
rabbitmq-1           | 2026-06-27T16:04:08.513194952Z 2026-06-27 16:04:08.512706+00:00 [info] <0.254.0> starting Ra system: coordination in directory: /var/lib/rabbitmq/mnesia/rabbit@cbed70e1a17b/coordination/rabbit@cbed70e1a17b[0m
api-gateway-1        | 2026-06-27T16:16:32.257399552Z {"timestamp":"2026-06-27T16:16:32.257092179Z","level":"INFO","msg":"udp downstream call succeeded","service.name":"api-gateway","service.version":"local","service.language":"go","observability.run_id":"local-20260627T161230Z-9e14916a-cc3bea","remote":"172.20.0.9","interaction_id":"accept-c42a40f6-7d9e-48a5-bb5b-6c544c202f13","duration_ms":69}
api-gateway-1        | 2026-06-27T16:16:32.460247477Z {"timestamp":"2026-06-27T16:16:32.460069228Z","level":"INFO","msg":"udp packet received","service.name":"api-gateway","service.version":"local","service.language":"go","observability.run_id":"local-20260627T161230Z-9e14916a-cc3bea","remote":"172.20.0.9","bytes":581}
api-gateway-1        | 2026-06-27T16:16:32.481895265Z {"timestamp":"2026-06-27T16:16:32.481421073Z","level":"INFO","msg":"udp downstream call succeeded","service.name":"api-gateway","service.version":"local","service.language":"go","observability.run_id":"local-20260627T161230Z-9e14916a-cc3bea","remote":"172.20.0.9","interaction_id":"issue-2798b777-8500-4f30-992d-0fcb8a81823b","duration_ms":21}
api-gateway-1        | 2026-06-27T16:16:32.495086231Z {"timestamp":"2026-06-27T16:16:32.494871026Z","level":"INFO","msg":"udp packet received","service.name":"api-gateway","service.version":"local","service.language":"go","observability.run_id":"local-20260627T161230Z-9e14916a-cc3bea","remote":"172.20.0.9","bytes":587}
api-gateway-1        | 2026-06-27T16:16:32.521822441Z {"timestamp":"2026-06-27T16:16:32.521560405Z","level":"INFO","msg":"udp downstream call succeeded","service.name":"api-gateway","service.version":"local","service.language":"go","observability.run_id":"local-20260627T161230Z-9e14916a-cc3bea","remote":"172.20.0.9","interaction_id":"accept-8380f3b7-8695-4979-8e2c-59c17104bc33","duration_ms":26}
api-gateway-1        | 2026-06-27T16:16:32.698874614Z {"timestamp":"2026-06-27T16:16:32.698653371Z","level":"INFO","msg":"udp packet received","service.name":"api-gateway","service.version":"local","service.language":"go","observability.run_id":"local-20260627T161230Z-9e14916a-cc3bea","remote":"172.20.0.9","bytes":581}
api-gateway-1        | 2026-06-27T16:16:32.717782265Z {"timestamp":"2026-06-27T16:16:32.717538765Z","level":"INFO","msg":"udp downstream call succeeded","service.name":"api-gateway","service.version":"local","service.language":"go","observability.run_id":"local-20260627T161230Z-9e14916a-cc3bea","remote":"172.20.0.9","interaction_id":"issue-861ae6bf-93fe-4111-875f-270737bfe08b","duration_ms":18}
api-gateway-1        | 2026-06-27T16:16:32.735299105Z {"timestamp":"2026-06-27T16:16:32.735047098Z","level":"INFO","msg":"udp packet received","service.name":"api-gateway","service.version":"local","service.language":"go","observability.run_id":"local-20260627T161230Z-9e14916a-cc3bea","remote":"172.20.0.9","bytes":587}
api-gateway-1        | 2026-06-27T16:16:32.805360958Z {"timestamp":"2026-06-27T16:16:32.805068835Z","level":"INFO","msg":"udp downstream call succeeded","service.name":"api-gateway","service.version":"local","service.language":"go","observability.run_id":"local-20260627T161230Z-9e14916a-cc3bea","remote":"172.20.0.9","interaction_id":"accept-0b20cc7e-69a1-4e7c-9038-1034f0d5d4c2","duration_ms":69}
api-gateway-1        | 2026-06-27T16:16:32.991855693Z {"timestamp":"2026-06-27T16:16:32.991641959Z","level":"INFO","msg":"udp packet received","service.name":"api-gateway","service.version":"local","service.language":"go","observability.run_id":"local-20260627T161230Z-9e14916a-cc3bea","remote":"172.20.0.9","bytes":581}
api-gateway-1        | 2026-06-27T16:16:33.009628486Z {"timestamp":"2026-06-27T16:16:33.009186243Z","level":"INFO","msg":"udp downstream call succeeded","service.name":"api-gateway","service.version":"local","service.language":"go","observability.run_id":"local-20260627T161230Z-9e14916a-cc3bea","remote":"172.20.0.9","interaction_id":"issue-3ac6b4d7-87ce-4e12-a865-914600cda377","duration_ms":17}
api-gateway-1        | 2026-06-27T16:16:33.025515391Z {"timestamp":"2026-06-27T16:16:33.025339846Z","level":"INFO","msg":"udp packet received","service.name":"api-gateway","service.version":"local","service.language":"go","observability.run_id":"local-20260627T161230Z-9e14916a-cc3bea","remote":"172.20.0.9","bytes":623}
api-gateway-1        | 2026-06-27T16:16:33.092467289Z {"timestamp":"2026-06-27T16:16:33.092260955Z","level":"INFO","msg":"udp downstream call succeeded","service.name":"api-gateway","service.version":"local","service.language":"go","observability.run_id":"local-20260627T161230Z-9e14916a-cc3bea","remote":"172.20.0.9","interaction_id":"accept-a1166343-41c3-4fe6-8875-2d595da99330","duration_ms":67}
api-gateway-1        | 2026-06-27T16:16:33.306286752Z {"timestamp":"2026-06-27T16:16:33.305869426Z","level":"INFO","msg":"udp packet received","service.name":"api-gateway","service.version":"local","service.language":"go","observability.run_id":"local-20260627T161230Z-9e14916a-cc3bea","remote":"172.20.0.9","bytes":582}
api-gateway-1        | 2026-06-27T16:16:33.324675654Z {"timestamp":"2026-06-27T16:16:33.324287966Z","level":"INFO","msg":"udp downstream call succeeded","service.name":"api-gateway","service.version":"local","service.language":"go","observability.run_id":"local-20260627T161230Z-9e14916a-cc3bea","remote":"172.20.0.9","interaction_id":"issue-90b43bad-3b28-44e1-a907-deeffe2abc8e","duration_ms":17}
simulator-1          | 2026-06-27T16:16:56.516354850Z [27/Jun/2026 16:16:56] "POST /api/gui/buttons/1/press/ HTTP/1.1" 202 1212
simulator-1          | 2026-06-27T16:16:56.535268242Z [27/Jun/2026 16:16:56] "POST /api/gui/buttons/3/press/ HTTP/1.1" 202 817
simulator-1          | 2026-06-27T16:16:56.831838206Z [27/Jun/2026 16:16:56] "GET /api/gui/buttons/ HTTP/1.1" 200 2786
simulator-1          | 2026-06-27T16:16:56.863541191Z [27/Jun/2026 16:16:56] "POST /api/gui/buttons/1/press/ HTTP/1.1" 202 1212
simulator-1          | 2026-06-27T16:16:57.008421394Z [27/Jun/2026 16:16:57] "GET /api/gui/buttons/ HTTP/1.1" 200 2786
simulator-1          | 2026-06-27T16:16:57.043804254Z [27/Jun/2026 16:16:57] "POST /api/gui/buttons/1/press/ HTTP/1.1" 202 1212
settlement-worker-1  | 2026-06-27T16:16:52.466616694Z {"timestamp":"2026-06-27T16:16:52.46637997Z","level":"WARN","msg":"settlement command failed","service.name":"settlement-worker","service.version":"local","service.language":"go","observability.run_id":"local-20260627T161230Z-9e14916a-cc3bea","idempotency_key":"accept-01841604-9934-4f98-a13c-8ee48eee8ad8","error.message":"failed_precondition: wallet 74506ac0-2f84-4afe-aa65-26c11c5066a5 has 50, requested 100"}
api-gateway-1        | 2026-06-27T16:16:33.340615474Z {"timestamp":"2026-06-27T16:16:33.340422445Z","level":"INFO","msg":"udp packet received","service.name":"api-gateway","service.version":"local","service.language":"go","observability.run_id":"local-20260627T161230Z-9e14916a-cc3bea","remote":"172.20.0.9","bytes":587}
settlement-worker-1  | 2026-06-27T16:16:56.272992545Z {"timestamp":"2026-06-27T16:16:56.272814823Z","level":"WARN","msg":"settlement command failed","service.name":"settlement-worker","service.version":"local","service.language":"go","observability.run_id":"local-20260627T161230Z-9e14916a-cc3bea","idempotency_key":"accept-4ad43aa3-ac9b-4aec-a441-ac54497f46cf","error.message":"failed_precondition: wallet fa3e3295-da2e-4277-988f-5921bb82fe0d has 50, requested 100"}
api-gateway-1        | 2026-06-27T16:16:33.403958595Z {"timestamp":"2026-06-27T16:16:33.403772417Z","level":"INFO","msg":"udp downstream call succeeded","service.name":"api-gateway","service.version":"local","service.language":"go","observability.run_id":"local-20260627T161230Z-9e14916a-cc3bea","remote":"172.20.0.9","interaction_id":"accept-24b65429-f73c-4752-abcf-1436dfa9f77f","duration_ms":63}
api-gateway-1        | 2026-06-27T16:16:33.645263756Z {"timestamp":"2026-06-27T16:16:33.645093675Z","level":"INFO","msg":"udp packet received","service.name":"api-gateway","service.version":"local","service.language":"go","observability.run_id":"local-20260627T161230Z-9e14916a-cc3bea","remote":"172.20.0.9","bytes":582}
migrate-1            | 2026-06-27T16:04:05.680669139Z CREATE EXTENSION
api-gateway-1        | 2026-06-27T16:16:33.665599383Z {"timestamp":"2026-06-27T16:16:33.665386823Z","level":"INFO","msg":"udp downstream call succeeded","service.name":"api-gateway","service.version":"local","service.language":"go","observability.run_id":"local-20260627T161230Z-9e14916a-cc3bea","remote":"172.20.0.9","interaction_id":"issue-1795633e-ad9b-443d-8744-dd599e58f8e3","duration_ms":20}
simulator-1          | 2026-06-27T16:16:57.204665149Z [27/Jun/2026 16:16:57] "GET /api/gui/buttons/ HTTP/1.1" 200 2786
simulator-1          | 2026-06-27T16:16:57.238403154Z [27/Jun/2026 16:16:57] "POST /api/gui/buttons/1/press/ HTTP/1.1" 202 1212
api-gateway-1        | 2026-06-27T16:16:33.694791297Z {"timestamp":"2026-06-27T16:16:33.694560648Z","level":"INFO","msg":"udp packet received","service.name":"api-gateway","service.version":"local","service.language":"go","observability.run_id":"local-20260627T161230Z-9e14916a-cc3bea","remote":"172.20.0.9","bytes":587}
migrate-1            | 2026-06-27T16:04:05.686969622Z CREATE FUNCTION
api-gateway-1        | 2026-06-27T16:16:33.756335286Z {"timestamp":"2026-06-27T16:16:33.75608526Z","level":"INFO","msg":"udp downstream call succeeded","service.name":"api-gateway","service.version":"local","service.language":"go","observability.run_id":"local-20260627T161230Z-9e14916a-cc3bea","remote":"172.20.0.9","interaction_id":"accept-f9cf365c-13ce-45be-81a5-2ff8f9019927","duration_ms":61}
migrate-1            | 2026-06-27T16:04:05.688515003Z CREATE FUNCTION
simulator-1          | 2026-06-27T16:16:57.442754264Z [27/Jun/2026 16:16:57] "GET /api/gui/buttons/ HTTP/1.1" 200 2786
simulator-1          | 2026-06-27T16:16:57.477255523Z [27/Jun/2026 16:16:57] "POST /api/gui/buttons/1/press/ HTTP/1.1" 202 1212
simulator-1          | 2026-06-27T16:16:57.630735153Z [27/Jun/2026 16:16:57] "GET /api/gui/buttons/ HTTP/1.1" 200 2786
simulator-1          | 2026-06-27T16:16:57.661076726Z [27/Jun/2026 16:16:57] "POST /api/gui/buttons/1/press/ HTTP/1.1" 202 1212
postgres-1           | 2026-06-27T16:04:00.877802632Z selecting dynamic shared memory implementation ... posix
migrate-1            | 2026-06-27T16:04:05.699396618Z CREATE TABLE
postgres-1           | 2026-06-27T16:04:00.942081650Z selecting default max_connections ... 100
simulator-1          | 2026-06-27T16:16:57.742236059Z [27/Jun/2026 16:16:57] "GET /api/gui/buttons/ HTTP/1.1" 200 2786
postgres-1           | 2026-06-27T16:04:00.968989107Z selecting default shared_buffers ... 128MB
simulator-1          | 2026-06-27T16:16:57.863314720Z [27/Jun/2026 16:16:57] "GET /api/gui/buttons/ HTTP/1.1" 200 2786
postgres-1           | 2026-06-27T16:04:00.996307486Z selecting default time zone ... Etc/UTC
api-gateway-1        | 2026-06-27T16:16:33.939452475Z {"timestamp":"2026-06-27T16:16:33.939259679Z","level":"INFO","msg":"udp packet received","service.name":"api-gateway","service.version":"local","service.language":"go","observability.run_id":"local-20260627T161230Z-9e14916a-cc3bea","remote":"172.20.0.9","bytes":582}
postgres-1           | 2026-06-27T16:04:01.001474580Z creating configuration files ... ok
api-gateway-1        | 2026-06-27T16:16:33.961559469Z {"timestamp":"2026-06-27T16:16:33.961311569Z","level":"INFO","msg":"udp downstream call succeeded","service.name":"api-gateway","service.version":"local","service.language":"go","observability.run_id":"local-20260627T161230Z-9e14916a-cc3bea","remote":"172.20.0.9","interaction_id":"issue-1d0a36f1-1cb4-4e84-85d8-2a6248ae3809","duration_ms":21}
migrate-1            | 2026-06-27T16:04:05.708108299Z CREATE TABLE
api-gateway-1        | 2026-06-27T16:16:33.977082351Z {"timestamp":"2026-06-27T16:16:33.976877609Z","level":"INFO","msg":"udp packet received","service.name":"api-gateway","service.version":"local","service.language":"go","observability.run_id":"local-20260627T161230Z-9e14916a-cc3bea","remote":"172.20.0.9","bytes":587}
migrate-1            | 2026-06-27T16:04:05.716137447Z CREATE TABLE
migrate-1            | 2026-06-27T16:04:05.723814608Z CREATE TABLE
migrate-1            | 2026-06-27T16:04:05.731962062Z CREATE TABLE
migrate-1            | 2026-06-27T16:04:05.745601516Z CREATE TABLE
api-gateway-1        | 2026-06-27T16:16:34.001419379Z {"timestamp":"2026-06-27T16:16:34.000977354Z","level":"INFO","msg":"udp downstream call succeeded","service.name":"api-gateway","service.version":"local","service.language":"go","observability.run_id":"local-20260627T161230Z-9e14916a-cc3bea","remote":"172.20.0.9","interaction_id":"accept-fdb4adc9-197d-42bd-9a59-be7b452f0b8b","duration_ms":23}
quilkin-1            | 2026-06-27T16:16:10.253165542Z {"timestamp":"2026-06-27T16:16:10.252703Z","level":"INFO","fields":{"message":"Starting Quilkin","version":"0.10.0"},"target":"quilkin::cli","filename":"/usr/local/cargo/registry/src/index.crates.io-1949cf8c6b5b557f/quilkin-0.10.0/src/cli.rs","threadId":"ThreadId(1)"}
quilkin-1            | 2026-06-27T16:16:10.254860222Z {"timestamp":"2026-06-27T16:16:10.254713Z","level":"INFO","fields":{"message":"starting configuration providers","providers":"[\"static\"]"},"target":"quilkin::providers","filename":"/usr/local/cargo/registry/src/index.crates.io-1949cf8c6b5b557f/quilkin-0.10.0/src/providers.rs","threadId":"ThreadId(1)"}
migrate-1            | 2026-06-27T16:04:05.765824057Z CREATE TABLE
migrate-1            | 2026-06-27T16:04:05.768040527Z psql:distributed-backend/src/trade-settlement/migrations/0001_settlement_schema.sql:149: NOTICE:  constraint "idempotency_record_result_batch_fk" of relation "idempotency_record" does not exist, skipping
migrate-1            | 2026-06-27T16:04:05.768818369Z ALTER TABLE
quilkin-1            | 2026-06-27T16:16:10.255161811Z {"timestamp":"2026-06-27T16:16:10.254983Z","level":"INFO","fields":{"message":"setting endpoints","provider":"static","endpoints":"[{\"address\":\"172.20.0.8:26000\",\"metadata\":{\"quilkin.dev\":{\"tokens\":[]}}}]"},"target":"quilkin::providers","filename":"/usr/local/cargo/registry/src/index.crates.io-1949cf8c6b5b557f/quilkin-0.10.0/src/providers.rs","threadId":"ThreadId(1)"}
quilkin-1            | 2026-06-27T16:16:10.255191854Z {"timestamp":"2026-06-27T16:16:10.255091Z","level":"INFO","fields":{"message":"starting udp service","port":"26001"},"target":"quilkin::service","filename":"/usr/local/cargo/registry/src/index.crates.io-1949cf8c6b5b557f/quilkin-0.10.0/src/service.rs","threadId":"ThreadId(1)"}
postgres-1           | 2026-06-27T16:04:01.362704489Z running bootstrap script ... ok
rabbitmq-1           | 2026-06-27T16:04:08.515424968Z 2026-06-27 16:04:08.515068+00:00 [info] <0.284.0> ra system 'coordination' running pre init for 0 registered servers[0m
rabbitmq-1           | 2026-06-27T16:04:08.516484077Z 2026-06-27 16:04:08.516021+00:00 [info] <0.285.0> ra: meta data store initialised for system coordination. 0 record(s) recovered[0m
rabbitmq-1           | 2026-06-27T16:04:08.516701023Z [38;5;87m2026-06-27 16:04:08.516356+00:00 [notice] <0.290.0> WAL: ra_coordination_log_wal init, open tbls: ra_coordination_log_open_mem_tables, closed tbls: ra_coordination_log_closed_mem_tables[0m
rabbitmq-1           | 2026-06-27T16:04:08.526349681Z 2026-06-27 16:04:08.525715+00:00 [info] <0.254.0> ra: starting system coordination[0m
rabbitmq-1           | 2026-06-27T16:04:08.527212432Z 2026-06-27 16:04:08.525871+00:00 [info] <0.254.0> starting Ra system: coordination in directory: /var/lib/rabbitmq/mnesia/rabbit@cbed70e1a17b/coordination/rabbit@cbed70e1a17b[0m
rabbitmq-1           | 2026-06-27T16:04:08.828052385Z 2026-06-27 16:04:08.827517+00:00 [info] <0.254.0> Waiting for Khepri leader for 30000 ms, 9 retries left[0m
api-gateway-1        | 2026-06-27T16:16:34.181957450Z {"timestamp":"2026-06-27T16:16:34.181717257Z","level":"INFO","msg":"udp packet received","service.name":"api-gateway","service.version":"local","service.language":"go","observability.run_id":"local-20260627T161230Z-9e14916a-cc3bea","remote":"172.20.0.9","bytes":582}
migrate-1            | 2026-06-27T16:04:05.774088050Z ALTER TABLE
migrate-1            | 2026-06-27T16:04:05.782854941Z CREATE TABLE
migrate-1            | 2026-06-27T16:04:05.783244515Z psql:distributed-backend/src/trade-settlement/migrations/0001_settlement_schema.sql:173: NOTICE:  column "step_output" of relation "settlement_step" already exists, skipping
migrate-1            | 2026-06-27T16:04:05.784025342Z ALTER TABLE
migrate-1            | 2026-06-27T16:04:05.797194143Z CREATE TABLE
migrate-1            | 2026-06-27T16:04:05.807382004Z CREATE TABLE
api-gateway-1        | 2026-06-27T16:16:34.200977720Z {"timestamp":"2026-06-27T16:16:34.200745887Z","level":"INFO","msg":"udp downstream call succeeded","service.name":"api-gateway","service.version":"local","service.language":"go","observability.run_id":"local-20260627T161230Z-9e14916a-cc3bea","remote":"172.20.0.9","interaction_id":"issue-1aa73afe-8a1d-4876-aa43-cebd7d72dbec","duration_ms":18}
